// Jest Snapshot v1, https://goo.gl/fbAQLP

exports[`applications/BUC/components/BUCEmpty/BUCEmpty Render: match snapshot 1`] = `
.c9 {
  display: inline-block;
  margin-left: 1rem;
}

ui-fss.g18[id="c8"] {
  content: "c9,heHwTk,";
}

.c5 {
  margin-bottom: 1rem;
}

ui-fss.g19[id="c4"] {
  content: "c5,";
}

.c1 {
  display: -webkit-box;
  display: -webkit-flex;
  display: -ms-flexbox;
  display: flex;
  border-color: var(--a-border);
  border-style: solid;
  border-width: 1px;
  border-radius: 4px;
  -webkit-box-pack: center;
  -webkit-justify-content: center;
  -ms-flex-pack: center;
  justify-content: center;
  -webkit-align-items: center;
  -webkit-box-align: center;
  -ms-flex-align: center;
  align-items: center;
  -webkit-flex-direction: column;
  -ms-flex-direction: column;
  flex-direction: column;
  padding: 2rem;
  background-color: var(--a-component-background-alternate);
}

ui-fss.g42[id="c0"] {
  content: "c1,";
}

.c3 {
  position: relative;
  height: 300px;
  width: 250px;
}

.c3 .monitor {
  width: 250px;
  height: 200px;
}

.c3 .cup {
  width: 33px;
  height: 30px;
  top: 170px;
  left: 255px;
}

.c3 .mouse {
  width: 60px;
  height: 80px;
  left: 190px;
  top: 180px;
}

.c3 .map {
  width: 70px;
  height: 100px;
  top: 20px;
  left: 90px;
}

.c3 img {
  position: absolute;
}

ui-fss.g43[id="c2"] {
  content: "c3,";
}

.c7 {
  display: -webkit-box;
  display: -webkit-flex;
  display: -ms-flexbox;
  display: flex;
  -webkit-flex-direction: row;
  -ms-flex-direction: row;
  flex-direction: row;
  -webkit-align-items: flex-end;
  -webkit-box-align: flex-end;
  -ms-flex-align: flex-end;
  align-items: flex-end;
}

.c7 .skjemaelement {
  margin-bottom: 0px !important;
}

ui-fss.g44[id="c6"] {
  content: "c7,";
}

<div
  class="c0 c1"
>
  <div
    class="c2 c3"
  >
    <img
      alt=""
      class="monitor"
      src="dataskjerm.png"
    />
    <img
      alt=""
      class="cup"
      src="kop.png"
    />
    <img
      alt=""
      class="mouse"
      src="NAVmusematte.png"
    />
    <img
      alt=""
      class="map"
      src="saksstatus.png"
    />
  </div>
  <div
    class="c4 c5"
  />
  <div
    class="c6 c7"
  >
    <div
      class="navds-form-field navds-form-field--medium"
    >
      <label
        class="navds-form-field__label navds-label"
        for="a-buc-p-bucempty--aktoerid-input-id"
      >
        ui:aktoerId
      </label>
      <input
        aria-invalid="false"
        class="navds-text-field__input navds-body-short navds-body-medium"
        data-testid="a-buc-p-bucempty--aktoerid-input-id"
        id="a-buc-p-bucempty--aktoerid-input-id"
        type="text"
        value=""
      />
      <div
        aria-live="polite"
        aria-relevant="additions removals"
        class="navds-form-field__error"
        id="textField-error-:r3:"
      />
    </div>
    <div
      class="c8 c9"
    />
    <button
      class="navds-button navds-button--primary navds-button--medium"
      data-testid="a-buc-p-bucempty--aktoerid-button-id"
    >
      <span
        aria-live="polite"
        class="navds-label"
      >
        ui:add
      </span>
    </button>
  </div>
  <div
    class="c6 c7"
  >
    <div
      class="navds-form-field navds-form-field--medium"
    >
      <label
        class="navds-form-field__label navds-label"
        for="a-buc-p-bucempty--sakid-input-id"
      >
        buc:form-caseId
      </label>
      <input
        aria-invalid="false"
        class="navds-text-field__input navds-body-short navds-body-medium"
        data-testid="a-buc-p-bucempty--sakid-input-id"
        id="a-buc-p-bucempty--sakid-input-id"
        type="text"
        value=""
      />
      <div
        aria-live="polite"
        aria-relevant="additions removals"
        class="navds-form-field__error"
        id="textField-error-:r4:"
      />
    </div>
    <div
      class="c8 c9"
    />
    <button
      class="navds-button navds-button--primary navds-button--medium"
      data-testid="a-buc-p-bucempty--sakid-button-id"
    >
      <span
        aria-live="polite"
        class="navds-label"
      >
        ui:add
      </span>
    </button>
  </div>
</div>
`;
