// Jest Snapshot v1, https://goo.gl/fbAQLP

exports[`applications/BUC/components/SEDPanel/SEDPanel Render: match snapshot 1`] = `
.c1 {
  -webkit-transform: translateX(-20px);
  -ms-transform: translateX(-20px);
  transform: translateX(-20px);
  opacity: 0;
  padding: 0;
  -webkit-animation: fSLHgq 0.2s forwards;
  animation: fSLHgq 0.2s forwards;
  margin-bottom: 1rem;
}

ui-fss.g40[id="c0"] {
  content: "c1,";
}

.c3 {
  padding: 1rem;
  border-radius: 4px;
  background: var(--navds-semantic-color-component-background-light);
}

.c3.new {
  background: var(--navds-global-color-limegreen-100) !important;
}

ui-fss.g41[id="c2"] {
  content: "c3,";
}

<div
  class="navds-panel c0 c1 navds-panel--border"
>
  <div
    class="c2 c3"
  >
    <div
      data-testid="mock-SEDHeader"
    />
  </div>
</div>
`;
