// Jest Snapshot v1, https://goo.gl/fbAQLP

exports[`applications/BUC/components/SEDPanelHeader/SEDPanelHeader Render: match snapshot 1`] = `
.c7 {
  -webkit-flex: 2;
  -ms-flex: 2;
  flex: 2;
  width: 100%;
}

ui-fss.g1[id="c6"] {
  content: "c7,";
}

.c3 {
  -webkit-flex: 4;
  -ms-flex: 4;
  flex: 4;
  width: 100%;
}

ui-fss.g2[id="c2"] {
  content: "c3,";
}

.c1 {
  display: -webkit-box;
  display: -webkit-flex;
  display: -ms-flexbox;
  display: flex;
  -webkit-box-pack: justify;
  -webkit-justify-content: space-between;
  -ms-flex-pack: justify;
  justify-content: space-between;
  margin-top: 1.5rem;
  margin-bottom: 1rem;
  padding-left: 1rem;
  padding-right: 1rem;
}

ui-fss.g3[id="c0"] {
  content: "c1,";
}

.c5 {
  -webkit-flex: 3;
  -ms-flex: 3;
  flex: 3;
  width: 100%;
}

ui-fss.g4[id="c4"] {
  content: "c5,";
}

<div
  class="c0 c1"
  data-testid="a_buc_c_SEDPanelHeader"
>
  <div
    class="c2 c3"
    data-testid="a_buc_c_SEDPanelHeader--sed"
  >
    <p
      class="navds-label"
    >
      buc:form-sed
    </p>
  </div>
  <div
    class="c4 c5"
    data-testid="a_buc_c_SEDPanelHeader--sender"
  >
    <p
      class="navds-label"
    >
      buc:form-sender
    </p>
  </div>
  <div
    class="c4 c5"
    data-testid="a_buc_c_SEDPanelHeader--receiver"
  >
    <p
      class="navds-label"
    >
      buc:form-receiver
    </p>
  </div>
  <div
    class="c6 c7"
    data-testid="a_buc_c_SEDPanelHeader--actions"
  >
    <p
      class="navds-label"
    >
      buc:form-actions
    </p>
  </div>
</div>
`;
