// Jest Snapshot v1, https://goo.gl/fbAQLP

exports[`applications/BUC/components/SEDPanelHeader/SEDPanelHeader Render: match snapshot 1`] = `
.c7 {
  -webkit-flex: 2;
  -ms-flex: 2;
  flex: 2;
  width: 100%;
}

ui-fss.g1[id="c6"] {
  content: "c7,";
}

.c3 {
  -webkit-flex: 4;
  -ms-flex: 4;
  flex: 4;
  width: 100%;
}

ui-fss.g2[id="c2"] {
  content: "c3,";
}

.c1 {
  display: -webkit-box;
  display: -webkit-flex;
  display: -ms-flexbox;
  display: flex;
  -webkit-box-pack: justify;
  -webkit-justify-content: space-between;
  -ms-flex-pack: justify;
  justify-content: space-between;
  border-bottom: 3px solid;
  margin-top: 1.5rem;
  margin-bottom: 1rem;
  padding-left: 1rem;
  padding-right: 1rem;
}

ui-fss.g3[id="c0"] {
  content: "c1,";
}

.c5 {
  -webkit-flex: 3;
  -ms-flex: 3;
  flex: 3;
  width: 100%;
}

ui-fss.g4[id="c4"] {
  content: "c5,";
}

<SEDPanelHeader
  highContrast={false}
>
  <styled.div>
    <div
      className="c0 c1"
    >
      <styled.div>
        <div
          className="c2 c3"
        >
          <Element>
            <TypografiBase
              type="element"
            >
              <p
                className="typo-element"
              >
                buc:form-sed
              </p>
            </TypografiBase>
          </Element>
        </div>
      </styled.div>
      <styled.div>
        <div
          className="c4 c5"
        >
          <Element>
            <TypografiBase
              type="element"
            >
              <p
                className="typo-element"
              >
                buc:form-sender
              </p>
            </TypografiBase>
          </Element>
        </div>
      </styled.div>
      <styled.div>
        <div
          className="c4 c5"
        >
          <Element>
            <TypografiBase
              type="element"
            >
              <p
                className="typo-element"
              >
                buc:form-receiver
              </p>
            </TypografiBase>
          </Element>
        </div>
      </styled.div>
      <styled.div>
        <div
          className="c6 c7"
        >
          <Element>
            <TypografiBase
              type="element"
            >
              <p
                className="typo-element"
              >
                buc:form-actions
              </p>
            </TypografiBase>
          </Element>
        </div>
      </styled.div>
    </div>
  </styled.div>
</SEDPanelHeader>
`;
