// Jest Snapshot v1, https://goo.gl/fbAQLP

exports[`applications/BUC/components/SEDP6000/SEDP6000 Render: match snapshot 1`] = `
.c9 {
  -webkit-perspective: 1000px;
  -moz-perspective: 1000px;
  -ms-perspective: 1000px;
  perspective: 1000px;
  display: inline-block;
  line-height: 0px;
  margin: 0.25rem;
}

.c9.animate {
  opacity: 0.01;
  -webkit-animation: iPdXhn 0.5s forwards;
  animation: iPdXhn 0.5s forwards;
}

.c9.type-original.wave div {
  -webkit-transform-origin: left top;
  -ms-transform-origin: left top;
  transform-origin: left top;
  -webkit-animation: eRATHR 4s ease-in-out infinite;
  animation: eRATHR 4s ease-in-out infinite;
}

.c9.type-circle.wave div img {
  -webkit-transform: scale(1.1);
  -ms-transform: scale(1.1);
  transform: scale(1.1);
  -webkit-transform-origin: left top;
  -ms-transform-origin: left top;
  transform-origin: left top;
  -webkit-animation: eRATHR 4s ease-in-out infinite;
  animation: eRATHR 4s ease-in-out infinite;
}

ui-fss.g1[id="c8"] {
  content: "c9,";
}

.c11.type-circle {
  display: -webkit-inline-box;
  display: -webkit-inline-flex;
  display: -ms-inline-flexbox;
  display: inline-flex;
  border: 1px solid var(--navds-semantic-color-border);
  border-radius: 50%;
  overflow: hidden;
  position: relative;
}

.c11.type-circle img {
  position: absolute;
  margin: auto;
  top: -999px;
  left: -999px;
  bottom: -999px;
  right: -999px;
}

.c11.type-circle.size-XS {
  width: 16px;
  height: 16px;
  min-width: 16px;
  min-height: 16px;
  max-width: 16px;
  max-height: 16px;
}

.c11.type-circle.size-XS img {
  height: 18px;
}

.c11.type-circle.size-S {
  width: 24px;
  height: 24px;
  min-width: 24px;
  min-height: 24px;
  max-width: 24px;
  max-height: 24px;
}

.c11.type-circle.size-S img {
  height: 26px;
}

.c11.type-circle.size-M {
  width: 32px;
  height: 32px;
  min-width: 32px;
  min-height: 32px;
  max-width: 32px;
  max-height: 32px;
}

.c11.type-circle.size-M img {
  height: 35px;
}

.c11.type-circle.size-L {
  width: 40px;
  height: 40px;
  min-width: 40px;
  min-height: 40px;
  max-width: 40px;
  max-height: 40px;
}

.c11.type-circle.size-L img {
  height: 45px;
}

.c11.type-circle.size-XL {
  width: 48px;
  height: 48px;
  min-width: 48px;
  min-height: 48px;
  max-width: 48px;
  max-height: 48px;
}

.c11.type-circle.size-XL img {
  height: 54px;
}

.c11.type-circle.size-XXL {
  width: 72px;
  height: 72px;
  min-width: 72px;
  min-height: 72px;
  max-width: 72px;
  max-height: 72px;
}

.c11.type-circle.size-XXL img {
  height: 82px;
}

.c11.type-original.size-XS img {
  height: 16px;
  min-height: 16px;
  width: auto;
}

.c11.type-original.size-S img {
  height: 24px;
  min-height: 24px;
  width: auto;
}

.c11.type-original.size-M img {
  height: 32px;
  min-height: 32px;
  width: auto;
}

.c11.type-original.size-L img {
  height: 40px;
  min-height: 40px;
  width: auto;
}

.c11.type-original.size-XL img {
  height: 48px;
  min-height: 48px;
  width: auto;
}

.c11.type-original.size-XXL img {
  height: 72px;
  min-height: 72px;
  width: auto;
}

ui-fss.g2[id="c10"] {
  content: "c11,";
}

.c7 {
  padding: 0.25rem;
}

ui-fss.g5[id="c6"] {
  content: "c7,";
}

.c13 {
  display: inline-block;
  margin-left: 1rem;
}

ui-fss.g23[id="c12"] {
  content: "c13,";
}

.c17 {
  margin-bottom: 1rem;
}

ui-fss.g24[id="c16"] {
  content: "c17,";
}

.c3 {
  -webkit-flex: 0 1 auto;
  -ms-flex: 0 1 auto;
  flex: 0 1 auto;
  display: -webkit-box;
  display: -webkit-flex;
  display: -ms-flexbox;
  display: flex;
  -webkit-flex-direction: row;
  -ms-flex-direction: row;
  flex-direction: row;
}

ui-fss.g25[id="c0"] {
  content: "c3,";
}

.c4 {
  -webkit-align-items: center;
  -webkit-box-align: center;
  -ms-flex-align: center;
  align-items: center;
}

ui-fss.g28[id="c1"] {
  content: "c4,";
}

.c5 {
  -webkit-box-pack: justify;
  -webkit-justify-content: space-between;
  -ms-flex-pack: justify;
  justify-content: space-between;
}

ui-fss.g32[id="c2"] {
  content: "c5,";
}

.c15 {
  -webkit-flex: 0 1 auto;
  -ms-flex: 0 1 auto;
  flex: 0 1 auto;
  display: -webkit-box;
  display: -webkit-flex;
  display: -ms-flexbox;
  display: flex;
  -webkit-flex-direction: column;
  -ms-flex-direction: column;
  flex-direction: column;
}

ui-fss.g36[id="c14"] {
  content: "c15,";
}

@media all and (-ms-high-contrast:none),(-ms-high-contrast:active) {
  .c11.type-original {
    display: inline-block;
  }

  .c11.type-original img {
    border: 1px solid var(--navds-semantic-color-border);
  }
}

@supports not (-ms-high-contrast:none) {
  .c11.type-original {
    border: 1px solid var(--navds-semantic-color-border);
    display: -webkit-inline-box;
    display: -webkit-inline-flex;
    display: -ms-inline-flexbox;
    display: inline-flex;
  }
}

<div
  id="a_buc_c_sedstart--p6000s-id"
>
  <div
    class="mock-c-modal"
    role="button"
    tabindex="0"
  />
  <div
    class="a_buc_c_sedstart--p6000"
  >
    <div
      class="navds-panel navds-panel--border"
    >
      <div
        class="c0 c1 c2 c3 c4 c5"
      >
        <div
          class="c0 c1 c3 c4"
        >
          <div
            aria-hidden="true"
            class="navds-popover navds-popover--hidden"
            data-placement="top"
            style="position: absolute; top: 0px; left: 0px;"
            tabindex="-1"
          >
            <span
              class="c6 c7"
            >
              Sverige
            </span>
            <div
              class="navds-popover__arrow"
              style="bottom: -0.5rem;"
            />
          </div>
          <div
            id="flag-ab927ebe-c68a-457b-96a9-248a8a1baeb8"
            style="display: inline-block;"
          >
            <div
              class="c8 c9 size-M type-circle"
            >
              <div
                class="c10 c11 size-M type-circle"
              >
                <img
                  alt="Sverige"
                  src="data:image/svg+xml,%3csvg xmlns='http://www.w3.org/2000/svg' viewBox='0 0 16 10'%3e %3crect width='16' height='10' fill='%23006aa7'/%3e %3crect width='2' height='10' x='5' fill='%23fecc00'/%3e %3crect width='16' height='2' y='4' fill='%23fecc00'/%3e %3c/svg%3e"
                />
              </div>
            </div>
          </div>
          <div
            class="c12 c13"
          />
          <div
            class="c14 c15"
          >
            <span>
              ui:type
              : 
              p6000
            </span>
            <span>
              ui:version
              : 
              1
            </span>
          </div>
        </div>
        <div
          class="c0 c1 c3 c4"
        >
          <button
            class="navds-button navds-button--tertiary navds-button--medium"
            data-testid="a_buc_c_sedstart--p6000-preview-123123123"
          >
            <span
              aria-live="polite"
              class="navds-label"
            >
              ui:preview
            </span>
          </button>
          <div
            class="c12 c13"
          />
          <div
            class="navds-checkbox navds-checkbox--medium"
          >
            <input
              aria-checked="false"
              aria-invalid="false"
              class="navds-checkbox__input"
              data-testid="a_buc_c_sedstart--p6000-checkbox-123123123"
              id="a_buc_c_sedstart--p6000-checkbox-123123123"
              type="checkbox"
            />
            <label
              class="navds-checkbox__label"
              for="a_buc_c_sedstart--p6000-checkbox-123123123"
            >
              <span
                class="navds-checkbox__content"
              >
                <span
                  class="navds-body-short"
                >
                  ui:choose
                </span>
              </span>
            </label>
          </div>
        </div>
      </div>
    </div>
    <div
      class="c16 c17"
    />
  </div>
  <div
    class="a_buc_c_sedstart--p6000"
  >
    <div
      class="navds-panel navds-panel--border"
    >
      <div
        class="c0 c1 c2 c3 c4 c5"
      >
        <div
          class="c0 c1 c3 c4"
        >
          <div
            aria-hidden="true"
            class="navds-popover navds-popover--hidden"
            data-placement="top"
            style="position: absolute; top: 0px; left: 0px;"
            tabindex="-1"
          >
            <span
              class="c6 c7"
            >
              Danmark
            </span>
            <div
              class="navds-popover__arrow"
              style="bottom: -0.5rem;"
            />
          </div>
          <div
            id="flag-0bcdddf2-4477-4150-8862-8a155ac52b67"
            style="display: inline-block;"
          >
            <div
              class="c8 c9 size-M type-circle"
            >
              <div
                class="c10 c11 size-M type-circle"
              >
                <img
                  alt="Danmark"
                  src="data:image/svg+xml,%3csvg xmlns='http://www.w3.org/2000/svg' viewBox='0 0 370 280'%3e %3crect width='370' height='280' fill='%23c60c30'/%3e %3crect width='40' height='280' x='120' fill='%23fff'/%3e %3crect width='370' height='40' y='120' fill='%23fff'/%3e %3c/svg%3e"
                />
              </div>
            </div>
          </div>
          <div
            class="c12 c13"
          />
          <div
            class="c14 c15"
          >
            <span>
              ui:type
              : 
              p6000
            </span>
            <span>
              ui:version
              : 
              2
            </span>
          </div>
        </div>
        <div
          class="c0 c1 c3 c4"
        >
          <button
            class="navds-button navds-button--tertiary navds-button--medium"
            data-testid="a_buc_c_sedstart--p6000-preview-123123124"
          >
            <span
              aria-live="polite"
              class="navds-label"
            >
              ui:preview
            </span>
          </button>
          <div
            class="c12 c13"
          />
          <div
            class="navds-checkbox navds-checkbox--medium"
          >
            <input
              aria-checked="false"
              aria-invalid="false"
              class="navds-checkbox__input"
              data-testid="a_buc_c_sedstart--p6000-checkbox-123123124"
              id="a_buc_c_sedstart--p6000-checkbox-123123124"
              type="checkbox"
            />
            <label
              class="navds-checkbox__label"
              for="a_buc_c_sedstart--p6000-checkbox-123123124"
            >
              <span
                class="navds-checkbox__content"
              >
                <span
                  class="navds-body-short"
                >
                  ui:choose
                </span>
              </span>
            </label>
          </div>
        </div>
      </div>
    </div>
    <div
      class="c16 c17"
    />
  </div>
  <div
    class="a_buc_c_sedstart--p6000"
  >
    <div
      class="navds-panel navds-panel--border"
    >
      <div
        class="c0 c1 c2 c3 c4 c5"
      >
        <div
          class="c0 c1 c3 c4"
        >
          <div
            aria-hidden="true"
            class="navds-popover navds-popover--hidden"
            data-placement="top"
            style="position: absolute; top: 0px; left: 0px;"
            tabindex="-1"
          >
            <span
              class="c6 c7"
            >
              Finland
            </span>
            <div
              class="navds-popover__arrow"
              style="bottom: -0.5rem;"
            />
          </div>
          <div
            id="flag-d20c589c-0e4e-4150-8606-2d71f7b800d8"
            style="display: inline-block;"
          >
            <div
              class="c8 c9 size-M type-circle"
            >
              <div
                class="c10 c11 size-M type-circle"
              >
                <img
                  alt="Finland"
                  src="data:image/svg+xml,%3csvg xmlns='http://www.w3.org/2000/svg' viewBox='0 0 1800 1100'%3e %3crect width='1800' height='1100' fill='%23fff'/%3e %3crect width='1800' height='300' y='400' fill='%23003580'/%3e %3crect width='300' height='1100' x='500' fill='%23003580'/%3e %3c/svg%3e"
                />
              </div>
            </div>
          </div>
          <div
            class="c12 c13"
          />
          <div
            class="c14 c15"
          >
            <span>
              ui:type
              : 
              p6000
            </span>
            <span>
              ui:version
              : 
              3
            </span>
          </div>
        </div>
        <div
          class="c0 c1 c3 c4"
        >
          <button
            class="navds-button navds-button--tertiary navds-button--medium"
            data-testid="a_buc_c_sedstart--p6000-preview-123123125"
          >
            <span
              aria-live="polite"
              class="navds-label"
            >
              ui:preview
            </span>
          </button>
          <div
            class="c12 c13"
          />
          <div
            class="navds-checkbox navds-checkbox--medium"
          >
            <input
              aria-checked="false"
              aria-invalid="false"
              class="navds-checkbox__input"
              data-testid="a_buc_c_sedstart--p6000-checkbox-123123125"
              id="a_buc_c_sedstart--p6000-checkbox-123123125"
              type="checkbox"
            />
            <label
              class="navds-checkbox__label"
              for="a_buc_c_sedstart--p6000-checkbox-123123125"
            >
              <span
                class="navds-checkbox__content"
              >
                <span
                  class="navds-body-short"
                >
                  ui:choose
                </span>
              </span>
            </label>
          </div>
        </div>
      </div>
    </div>
    <div
      class="c16 c17"
    />
  </div>
</div>
`;
