// Jest Snapshot v1, https://goo.gl/fbAQLP

exports[`components/EESSIPensjonVeileder/EESSIPensjonVeileder Render: match snapshot 1`] = `
<EESSIPensjonVeileder>
  <div
    data-test-id="c-eessipensjonveileder"
  >
    <img
      alt="nav-smilende-veileder"
      height={130}
      src="navPensjonSmilendeOrangeVeileder.png"
      width={130}
    />
  </div>
</EESSIPensjonVeileder>
`;
