// Jest Snapshot v1, https://goo.gl/fbAQLP

exports[`components/Footer Render: match snapshot 1`] = `
.c13 {
  -webkit-transition: all 0.1s ease-in-out;
  transition: all 0.1s ease-in-out;
  background-color: inherit !important;
  color: !important;
  border-color: !important;
}

.c13:hover:not(:disabled) {
  background-color: !important;
  color: !important;
}

.c13:hover:not(:disabled) svg {
  color: !important;
}

.c13:hover:not(:disabled) svg path {
  stroke: !important;
}

.c13:disabled {
  color: !important;
  background-color: !important;
  border-color: !important;
}

.c13:disabled svg {
  color: !important;
}

.c13:disabled svg path {
  stroke: !important;
}

.c13:disabled .knapp__spinner {
  border: 2px solid !important;
  border-top-color: !important;
  border-right-color: !important;
}

.c13 .knapp__spinner {
  border: 2px solid !important;
  border-left-color: !important;
  border-bottom-color: !important;
}

.c13:not(:disabled) svg {
  color: !important;
}

.c13:not(:disabled) svg path {
  stroke: !important;
}

ui-fss.g7[id="c12"] {
  content: "c13,";
}

.c1 {
  -webkit-flex-shrink: 0;
  -ms-flex-negative: 0;
  flex-shrink: 0;
  background-color: white;
  padding: 0rem;
  display: -webkit-box;
  display: -webkit-flex;
  display: -ms-flexbox;
  display: flex;
  -webkit-flex-direction: row;
  -ms-flex-direction: row;
  flex-direction: row;
  -webkit-box-pack: justify;
  -webkit-justify-content: space-between;
  -ms-flex-pack: justify;
  justify-content: space-between;
  -webkit-transition: width 0.2s ease-out;
  transition: width 0.2s ease-out;
}

.c1.toggled {
  height: 40px;
}

.c1:not(.toggled) {
  height: 10px;
}

ui-fss.g49[id="c0"] {
  content: "c1,";
}

.c3 {
  display: -webkit-box;
  display: -webkit-flex;
  display: -ms-flexbox;
  display: flex;
}

.c3.fullWidth {
  width: 100%;
}

.c3 .footerButtonClosed {
  width: 100%;
  margin: 0px;
  display: block;
  padding: 0px;
  background-color: white;
}

.c3 .footerButtonClosed:hover {
  cursor: pointer;
}

.c3 .footerButtonOpen {
  width: 1.2rem;
  margin-right: 0.5rem;
  display: inline-block;
  padding-top: 0.6rem;
  text-align: center;
}

.c3 .footerButtonOpen:hover {
  cursor: pointer;
}

ui-fss.g50[id="c2"] {
  content: "c3,";
}

.c5 {
  -webkit-transform: scale(0.7);
  -ms-transform: scale(0.7);
  transform: scale(0.7);
  -webkit-transform-origin: left top;
  -ms-transform-origin: left top;
  transform-origin: left top;
  display: -webkit-box;
  display: -webkit-flex;
  display: -ms-flexbox;
  display: flex;
  -webkit-flex-direction: row;
  -ms-flex-direction: row;
  flex-direction: row;
  -webkit-align-items: baseline;
  -webkit-box-align: baseline;
  -ms-flex-align: baseline;
  align-items: baseline;
}

ui-fss.g51[id="c4"] {
  content: "c5,";
}

.c7 {
  margin-right: 0.5rem;
  margin-bottom: 0px;
}

ui-fss.g52[id="c6"] {
  content: "c7,";
}

.c9 {
  margin-right: 0.5rem;
  margin-bottom: 0px;
}

ui-fss.g53[id="c8"] {
  content: "c9,";
}

.c11 {
  padding: 0.5rem;
}

ui-fss.g54[id="c10"] {
  content: "c11,";
}

.c15 {
  display: -webkit-box;
  display: -webkit-flex;
  display: -ms-flexbox;
  display: flex;
  -webkit-flex-direction: row-reverse;
  -ms-flex-direction: row-reverse;
  flex-direction: row-reverse;
}

.c15 div {
  margin-left: 0.25rem;
}

ui-fss.g55[id="c14"] {
  content: "c15,";
}

<Footer
  footerOpen={true}
  highContrast={false}
  params={Object {}}
>
  <styled.footer
    className="toggled"
    role="contentinfo"
  >
    <footer
      className="c0 c1 toggled"
      role="contentinfo"
    >
      <styled.div
        className=""
      >
        <div
          className="c2 c3"
        >
          <div
            className="footerButtonOpen"
            onClick={[Function]}
            onKeyDown={[Function]}
            role="button"
            tabIndex={0}
          >
            ▼
          </div>
          <styled.div>
            <div
              className="c4 c5"
            >
              <Styled(Select)
                data-test-id="c-footer__select-id"
                id="c-footer__select-id"
                label=""
                onChange={[Function]}
              >
                <Select
                  bredde="fullbredde"
                  className="c6 c7"
                  data-test-id="c-footer__select-id"
                  disabled={false}
                  id="c-footer__select-id"
                  label=""
                  onChange={[Function]}
                >
                  <div
                    className="skjemaelement c6 c7"
                  >
                    <div
                      className="selectContainer input--fullbredde"
                    >
                      <select
                        aria-invalid={false}
                        className="skjemaelement__input"
                        data-test-id="c-footer__select-id"
                        disabled={false}
                        id="c-footer__select-id"
                        onChange={[Function]}
                      >
                        <option
                          value=""
                        >
                          --
                        </option>
                        <option
                          key="buc"
                          value="buc"
                        >
                          buc
                        </option>
                        <option
                          key="sed"
                          value="sed"
                        >
                          sed
                        </option>
                        <option
                          key="rinaId"
                          value="rinaId"
                        >
                          rinaId
                        </option>
                        <option
                          key="sakId"
                          value="sakId"
                        >
                          sakId
                        </option>
                        <option
                          key="aktoerId"
                          value="aktoerId"
                        >
                          aktoerId
                        </option>
                        <option
                          key="vedtakId"
                          value="vedtakId"
                        >
                          vedtakId
                        </option>
                        <option
                          key="kravId"
                          value="kravId"
                        >
                          kravId
                        </option>
                        <option
                          key="fnr"
                          value="fnr"
                        >
                          fnr
                        </option>
                        <option
                          key="mottaker"
                          value="mottaker"
                        >
                          mottaker
                        </option>
                      </select>
                    </div>
                  </div>
                </Select>
              </Styled(Select)>
              <Styled(Input)
                data-test-id="c-footer__input-id"
                id="c-footer__input-id"
                label=""
                onChange={[Function]}
                value=""
              >
                <Input
                  bredde="fullbredde"
                  className="c8 c9"
                  data-test-id="c-footer__input-id"
                  id="c-footer__input-id"
                  label=""
                  onChange={[Function]}
                  value=""
                >
                  <div
                    className="skjemaelement c8 c9"
                  >
                    <input
                      aria-invalid={false}
                      className="skjemaelement__input input--fullbredde"
                      data-test-id="c-footer__input-id"
                      id="c-footer__input-id"
                      onChange={[Function]}
                      type="text"
                      value=""
                    />
                  </div>
                </Input>
              </Styled(Input)>
              <Styled(KnappBase)
                data-test-id="c-footer__add-button-id"
                onClick={[Function]}
              >
                <KnappBase
                  autoDisableVedSpinner={false}
                  className="c10 c11"
                  data-test-id="c-footer__add-button-id"
                  disabled={false}
                  htmlType="submit"
                  inaktivKlasseVedDisabled={false}
                  kompakt={false}
                  mini={false}
                  onClick={[Function]}
                  spinner={false}
                  type="standard"
                >
                  <button
                    className="knapp c10 c11 knapp--standard"
                    data-test-id="c-footer__add-button-id"
                    disabled={false}
                    onClick={[Function]}
                    type="submit"
                  >
                     + 
                  </button>
                </KnappBase>
              </Styled(KnappBase)>
              <Styled(u)
                onClick={[Function]}
              >
                <u
                  className="c12 c13"
                  onClick={[Function]}
                >
                  <p
                    autoDisableVedSpinner={false}
                    className="c12 c13"
                    disabled={false}
                    htmlType="submit"
                    inaktivKlasseVedDisabled={false}
                    kompakt={false}
                    mini={false}
                    onClick={[Function]}
                    spinner={false}
                    type="standard"
                  >
                    <button
                      className="knapp c12 c13 knapp--standard"
                      disabled={false}
                      onClick={[Function]}
                      type="submit"
                    >
                      Dump store
                    </button>
                  </p>
                </u>
              </Styled(u)>
            </div>
          </styled.div>
        </div>
      </styled.div>
      <styled.div>
        <div
          className="c14 c15"
        />
      </styled.div>
    </footer>
  </styled.footer>
</Footer>
`;
