// Jest Snapshot v1, https://goo.gl/fbAQLP

exports[`components/IEAlert/IEAlert Render: For Edge, show alert 1`] = `
.c3 {
  display: -webkit-box;
  display: -webkit-flex;
  display: -ms-flexbox;
  display: flex;
  -webkit-align-items: center;
  -webkit-box-align: center;
  -ms-flex-align: center;
  align-items: center;
  font-size: inherit;
  line-height: inherit;
  color: !important;
}

.c3:focus {
  background-color: !important;
  color: !important;
}

.c3 svg {
  fill: !important;
  stroke: !important;
}

.c3 svg path {
  stroke: !important;
}

.c3 svg:focus {
  fill: !important;
  stroke: !important;
}

ui-fss.g10[id="c2"] {
  content: "c3,";
}

.c1 {
  padding: 0.5rem 1rem;
  display: -webkit-box;
  display: -webkit-flex;
  display: -ms-flexbox;
  display: flex;
  -webkit-box-pack: center;
  -webkit-justify-content: center;
  -ms-flex-pack: center;
  justify-content: center;
}

.c1 a {
  color: !important;
}

ui-fss.g49[id="c0"] {
  content: "c1,";
}

<IEAlert
  highContrast={false}
  onLinkClick={[MockFunction]}
>
  <styled.div>
    <div
      className="c0 c1"
    >
      <Styled(f)
        data-test-id="c-iealert__link-id"
        href="https://navno.sharepoint.com/sites/fag-og-ytelser-fagsystemer/SitePages/Ta-i-bruk-PESYS-Chrome!.aspx"
        onClick={[MockFunction]}
        target="_blank"
      >
        <f
          className="c2 c3"
          data-test-id="c-iealert__link-id"
          href="https://navno.sharepoint.com/sites/fag-og-ytelser-fagsystemer/SitePages/Ta-i-bruk-PESYS-Chrome!.aspx"
          onClick={[MockFunction]}
          target="_blank"
        >
          <a
            className="lenke c2 c3"
            data-test-id="c-iealert__link-id"
            href="https://navno.sharepoint.com/sites/fag-og-ytelser-fagsystemer/SitePages/Ta-i-bruk-PESYS-Chrome!.aspx"
            onClick={[MockFunction]}
            rel="noopener"
            target="_blank"
          >
            buc:alert-IEAlert
          </a>
        </f>
      </Styled(f)>
    </div>
  </styled.div>
</IEAlert>
`;

exports[`components/IEAlert/IEAlert Render: For IE, show alert 1`] = `
.c3 {
  display: -webkit-box;
  display: -webkit-flex;
  display: -ms-flexbox;
  display: flex;
  -webkit-align-items: center;
  -webkit-box-align: center;
  -ms-flex-align: center;
  align-items: center;
  font-size: inherit;
  line-height: inherit;
  color: !important;
}

.c3:focus {
  background-color: !important;
  color: !important;
}

.c3 svg {
  fill: !important;
  stroke: !important;
}

.c3 svg path {
  stroke: !important;
}

.c3 svg:focus {
  fill: !important;
  stroke: !important;
}

ui-fss.g10[id="c2"] {
  content: "c3,";
}

.c1 {
  padding: 0.5rem 1rem;
  display: -webkit-box;
  display: -webkit-flex;
  display: -ms-flexbox;
  display: flex;
  -webkit-box-pack: center;
  -webkit-justify-content: center;
  -ms-flex-pack: center;
  justify-content: center;
}

.c1 a {
  color: !important;
}

ui-fss.g49[id="c0"] {
  content: "c1,";
}

<IEAlert
  highContrast={false}
  onLinkClick={[MockFunction]}
>
  <styled.div>
    <div
      className="c0 c1"
    >
      <Styled(f)
        data-test-id="c-iealert__link-id"
        href="https://navno.sharepoint.com/sites/fag-og-ytelser-fagsystemer/SitePages/Ta-i-bruk-PESYS-Chrome!.aspx"
        onClick={[MockFunction]}
        target="_blank"
      >
        <f
          className="c2 c3"
          data-test-id="c-iealert__link-id"
          href="https://navno.sharepoint.com/sites/fag-og-ytelser-fagsystemer/SitePages/Ta-i-bruk-PESYS-Chrome!.aspx"
          onClick={[MockFunction]}
          target="_blank"
        >
          <a
            className="lenke c2 c3"
            data-test-id="c-iealert__link-id"
            href="https://navno.sharepoint.com/sites/fag-og-ytelser-fagsystemer/SitePages/Ta-i-bruk-PESYS-Chrome!.aspx"
            onClick={[MockFunction]}
            rel="noopener"
            target="_blank"
          >
            buc:alert-IEAlert
          </a>
        </f>
      </Styled(f)>
    </div>
  </styled.div>
</IEAlert>
`;

exports[`components/IEAlert/IEAlert Render: For others, do not show alert 1`] = `
<IEAlert
  highContrast={false}
  onLinkClick={[MockFunction]}
>
  <div />
</IEAlert>
`;
