// Jest Snapshot v1, https://goo.gl/fbAQLP

exports[`applications/BUC/components/BUCTools/BUCTools Render: match snapshot 1`] = `
.c1 {
  opacity: 0;
  -webkit-transform: translateX(20px);
  -ms-transform: translateX(20px);
  transform: translateX(20px);
  -webkit-animation: dgjvLb 0.3s forwards;
  animation: dgjvLb 0.3s forwards;
}

.c1.loading {
  background-color: rgba(128,128,128,0.2);
}

ui-fss.g72[id="c0"] {
  content: "c1,";
}

<div
  class="navds-panel c0 c1 navds-panel--border"
  data-testid="a_buc_c_buctools--panel-id"
>
  <div
    class="navds-tabs navds-tabs--medium"
    data-orientation="horizontal"
    data-testid="a_buc_c_buctools--tabs-id"
    dir="ltr"
  >
    <div
      class="navds-tabs__tablist-wrapper"
    >
      <div
        aria-orientation="horizontal"
        class="navds-tabs__tablist"
        data-orientation="horizontal"
        role="tablist"
        style="outline: none;"
        tabindex="0"
      >
        <button
          aria-controls="radix-:r0:-content-P5000"
          aria-selected="false"
          class="navds-tabs__tab navds-tabs__tab--medium navds-tabs__tab-icon--left"
          data-orientation="horizontal"
          data-radix-collection-item=""
          data-state="inactive"
          id="radix-:r0:-trigger-P5000"
          role="tab"
          tabindex="-1"
          type="button"
        >
          <span
            class="navds-tabs__tab-inner navds-body-short"
          >
            buc:form-labelP5000
          </span>
        </button>
        <button
          aria-controls="radix-:r0:-content-P4000"
          aria-selected="false"
          class="navds-tabs__tab navds-tabs__tab--medium navds-tabs__tab-icon--left"
          data-orientation="horizontal"
          data-radix-collection-item=""
          data-state="inactive"
          id="radix-:r0:-trigger-P4000"
          role="tab"
          tabindex="-1"
          type="button"
        >
          <span
            class="navds-tabs__tab-inner navds-body-short"
          >
            buc:form-labelP4000
          </span>
        </button>
        <button
          aria-controls="radix-:r0:-content-tags"
          aria-selected="false"
          class="navds-tabs__tab navds-tabs__tab--medium navds-tabs__tab-icon--left"
          data-orientation="horizontal"
          data-radix-collection-item=""
          data-state="inactive"
          id="radix-:r0:-trigger-tags"
          role="tab"
          tabindex="-1"
          type="button"
        >
          <span
            class="navds-tabs__tab-inner navds-body-short"
          >
            ui:tags
          </span>
        </button>
      </div>
    </div>
    <div
      aria-labelledby="radix-:r0:-trigger-P5000"
      class="navds-tabs__tabpanel"
      data-orientation="horizontal"
      data-state="inactive"
      hidden=""
      id="radix-:r0:-content-P5000"
      role="tabpanel"
      tabindex="0"
    />
    <div
      aria-labelledby="radix-:r0:-trigger-P4000"
      class="navds-tabs__tabpanel"
      data-orientation="horizontal"
      data-state="inactive"
      hidden=""
      id="radix-:r0:-content-P4000"
      role="tabpanel"
      tabindex="0"
    />
    <div
      aria-labelledby="radix-:r0:-trigger-tags"
      class="navds-tabs__tabpanel"
      data-orientation="horizontal"
      data-state="inactive"
      hidden=""
      id="radix-:r0:-content-tags"
      role="tabpanel"
      tabindex="0"
    />
  </div>
</div>
`;
