// Jest Snapshot v1, https://goo.gl/fbAQLP

exports[`pages/IndexPage Render: match snapshot 1`] = `
.c1 {
  max-width: 1440px;
  -webkit-flex: 1 1 auto;
  -ms-flex: 1 1 auto;
  flex: 1 1 auto;
  position: relative;
  margin: 0 auto;
  width: 100%;
  padding: 0rem 1rem;
}

ui-fss.g226[id="c0"] {
  content: "c1,";
}

<IndexPage>
  <Component>
    <div
      className="mock-c-topcontainer"
    >
      <IEAlert
        highContrast={false}
      >
        <div />
      </IEAlert>
      <Component
        highContrast={false}
        mode="buclist"
      >
        <div
          className="mock-c-contextbanner"
        />
      </Component>
      <Styled(Component)
        allowedWidgets={
          Array [
            "buc",
            "overview",
          ]
        }
        configurable={true}
        defaultConfig={
          Object {
            "breakpoints": Object {
              "lg": 992,
              "md": 768,
              "sm": 0,
            },
            "cols": Object {
              "lg": 12,
              "md": 3,
              "sm": 1,
            },
            "containerPadding": Array [
              10,
              10,
            ],
            "defaultTabIndex": 0,
            "margin": Array [
              10,
              10,
            ],
            "rowHeight": 30,
            "version": 1,
          }
        }
        defaultLayouts={
          Array [
            Object {
              "body": Object {
                "lg": Array [
                  Object {
                    "h": 1,
                    "i": "w-1-overview",
                    "maxH": 999,
                    "maxW": 12,
                    "minH": 1,
                    "minW": 6,
                    "w": 12,
                    "x": 0,
                    "y": 0,
                  },
                  Object {
                    "h": 6,
                    "i": "w-2-buc",
                    "maxH": 999,
                    "maxW": 12,
                    "minH": 2,
                    "minW": 6,
                    "w": 12,
                    "x": 0,
                    "y": 2,
                  },
                ],
                "md": Array [
                  Object {
                    "h": 1,
                    "i": "w-1-overview",
                    "maxH": 999,
                    "maxW": 3,
                    "minH": 1,
                    "minW": 2,
                    "w": 3,
                    "x": 0,
                    "y": 0,
                  },
                  Object {
                    "h": 6,
                    "i": "w-2-buc",
                    "maxH": 999,
                    "maxW": 3,
                    "minH": 2,
                    "minW": 2,
                    "w": 3,
                    "x": 0,
                    "y": 2,
                  },
                ],
                "sm": Array [
                  Object {
                    "h": 1,
                    "i": "w-1-overview",
                    "maxH": 999,
                    "maxW": 1,
                    "minH": 1,
                    "minW": 1,
                    "w": 1,
                    "x": 0,
                    "y": 0,
                  },
                  Object {
                    "h": 6,
                    "i": "w-2-buc",
                    "maxH": 999,
                    "maxW": 1,
                    "minH": 2,
                    "minW": 1,
                    "w": 1,
                    "x": 0,
                    "y": 2,
                  },
                ],
              },
              "label": "default",
            },
          ]
        }
        defaultWidgets={
          Array [
            Object {
              "i": "w-1-overview",
              "options": Object {
                "collapsed": true,
              },
              "title": "Overview widget",
              "type": "overview",
              "visible": true,
            },
            Object {
              "i": "w-2-buc",
              "options": Object {
                "allowFullScreen": true,
              },
              "title": "BUC widget",
              "type": "buc",
              "visible": true,
            },
          ]
        }
        extraWidgets={
          Object {
            "BUCWidget": [Function],
            "OverviewWidget": [Function],
          }
        }
        highContrast={false}
        id="eessi-pensjon-ui-fss"
      >
        <Component
          allowedWidgets={
            Array [
              "buc",
              "overview",
            ]
          }
          className="c0 c1"
          configurable={true}
          defaultConfig={
            Object {
              "breakpoints": Object {
                "lg": 992,
                "md": 768,
                "sm": 0,
              },
              "cols": Object {
                "lg": 12,
                "md": 3,
                "sm": 1,
              },
              "containerPadding": Array [
                10,
                10,
              ],
              "defaultTabIndex": 0,
              "margin": Array [
                10,
                10,
              ],
              "rowHeight": 30,
              "version": 1,
            }
          }
          defaultLayouts={
            Array [
              Object {
                "body": Object {
                  "lg": Array [
                    Object {
                      "h": 1,
                      "i": "w-1-overview",
                      "maxH": 999,
                      "maxW": 12,
                      "minH": 1,
                      "minW": 6,
                      "w": 12,
                      "x": 0,
                      "y": 0,
                    },
                    Object {
                      "h": 6,
                      "i": "w-2-buc",
                      "maxH": 999,
                      "maxW": 12,
                      "minH": 2,
                      "minW": 6,
                      "w": 12,
                      "x": 0,
                      "y": 2,
                    },
                  ],
                  "md": Array [
                    Object {
                      "h": 1,
                      "i": "w-1-overview",
                      "maxH": 999,
                      "maxW": 3,
                      "minH": 1,
                      "minW": 2,
                      "w": 3,
                      "x": 0,
                      "y": 0,
                    },
                    Object {
                      "h": 6,
                      "i": "w-2-buc",
                      "maxH": 999,
                      "maxW": 3,
                      "minH": 2,
                      "minW": 2,
                      "w": 3,
                      "x": 0,
                      "y": 2,
                    },
                  ],
                  "sm": Array [
                    Object {
                      "h": 1,
                      "i": "w-1-overview",
                      "maxH": 999,
                      "maxW": 1,
                      "minH": 1,
                      "minW": 1,
                      "w": 1,
                      "x": 0,
                      "y": 0,
                    },
                    Object {
                      "h": 6,
                      "i": "w-2-buc",
                      "maxH": 999,
                      "maxW": 1,
                      "minH": 2,
                      "minW": 1,
                      "w": 1,
                      "x": 0,
                      "y": 2,
                    },
                  ],
                },
                "label": "default",
              },
            ]
          }
          defaultWidgets={
            Array [
              Object {
                "i": "w-1-overview",
                "options": Object {
                  "collapsed": true,
                },
                "title": "Overview widget",
                "type": "overview",
                "visible": true,
              },
              Object {
                "i": "w-2-buc",
                "options": Object {
                  "allowFullScreen": true,
                },
                "title": "BUC widget",
                "type": "buc",
                "visible": true,
              },
            ]
          }
          extraWidgets={
            Object {
              "BUCWidget": [Function],
              "OverviewWidget": [Function],
            }
          }
          highContrast={false}
          id="eessi-pensjon-ui-fss"
        >
          <div
            className="mock-c-dashboard"
            onClick={[Function]}
          />
        </Component>
      </Styled(Component)>
    </div>
  </Component>
</IndexPage>
`;
