// Jest Snapshot v1, https://goo.gl/fbAQLP

exports[`pages/IndexPage Renders 1`] = `
<IndexPage>
  <Component>
    <div
      className="mock-c-topcontainer"
    >
      <styled.div>
        <div
          className="sc-fznJRM geWoBD"
        >
          <Lenke
            data-amplitude="links.rettskilder"
            href="https://lovdata.no/pro/#document/NAV/rundskriv/v2-45-03"
            onClick={[Function]}
            target="_blank"
          >
            <a
              className="lenke"
              data-amplitude="links.rettskilder"
              href="https://lovdata.no/pro/#document/NAV/rundskriv/v2-45-03"
              onClick={[Function]}
              rel="noopener"
              target="_blank"
            >
              <Icons
                className="mr-2"
                color="#0067C5"
                kind="outlink"
              >
                <Wt
                  className="mr-2"
                  color="#0067C5"
                  height={24}
                  kind="outlink"
                  width={24}
                >
                  <svg
                    className="mr-2"
                    color="#0067C5"
                    contentScriptType="text/ecmascript"
                    contentStyleType="text/css"
                    enableBackground="new 0 0 24 24"
                    height={24}
                    id="Outline_Version"
                    kind="outlink"
                    preserveAspectRatio="xMidYMid meet"
                    version="1.1"
                    viewBox="0 0 24 24"
                    width={24}
                    x="0px"
                    xmlns="http://www.w3.org/2000/svg"
                    y="0px"
                    zoomAndPan="magnify"
                  >
                    <g
                      fill="#0067C5"
                    >
                      <path
                        d="M13.5,18c-0.276,0-0.5,0.224-0.5,0.5V22H1V2h12v3.5C13,5.776,13.224,6,13.5,6S14,5.776,14,5.5v-4C14,1.224,13.776,1,13.5,1   h-13C0.224,1,0,1.224,0,1.5v21C0,22.776,0.224,23,0.5,23h13c0.276,0,0.5-0.224,0.5-0.5v-4C14,18.224,13.776,18,13.5,18z"
                      />
                      <path
                        d="M23.961,12.691c0.051-0.122,0.051-0.26,0-0.382c-0.025-0.062-0.062-0.117-0.108-0.163l-5-5 c-0.195-0.195-0.512-0.195-0.707,0s-0.195,0.512,0,0.707L22.293,12H5.5C5.224,12,5,12.224,5,12.5S5.224,13,5.5,13h16.793   l-4.146,4.146c-0.195,0.195-0.195,0.512,0,0.707C18.244,17.951,18.372,18,18.5,18s0.256-0.049,0.354-0.146l5-5   C23.899,12.808,23.936,12.752,23.961,12.691z"
                      />
                    </g>
                  </svg>
                </Wt>
              </Icons>
              ui:lawsource
            </a>
          </Lenke>
          <styled.span>
            <span
              className="sc-fznWqX hvvVxy"
            >
              •
            </span>
          </styled.span>
          <Lenke
            data-amplitude="links.hjelpe"
            href="https://navno.sharepoint.com/sites/fag-og-ytelser-regelverk-og-rutiner/SitePages/Pensjon-.aspx"
            onClick={[Function]}
            target="_blank"
          >
            <a
              className="lenke"
              data-amplitude="links.hjelpe"
              href="https://navno.sharepoint.com/sites/fag-og-ytelser-regelverk-og-rutiner/SitePages/Pensjon-.aspx"
              onClick={[Function]}
              rel="noopener"
              target="_blank"
            >
              <Icons
                className="mr-2"
                color="#0067C5"
                kind="outlink"
              >
                <Wt
                  className="mr-2"
                  color="#0067C5"
                  height={24}
                  kind="outlink"
                  width={24}
                >
                  <svg
                    className="mr-2"
                    color="#0067C5"
                    contentScriptType="text/ecmascript"
                    contentStyleType="text/css"
                    enableBackground="new 0 0 24 24"
                    height={24}
                    id="Outline_Version"
                    kind="outlink"
                    preserveAspectRatio="xMidYMid meet"
                    version="1.1"
                    viewBox="0 0 24 24"
                    width={24}
                    x="0px"
                    xmlns="http://www.w3.org/2000/svg"
                    y="0px"
                    zoomAndPan="magnify"
                  >
                    <g
                      fill="#0067C5"
                    >
                      <path
                        d="M13.5,18c-0.276,0-0.5,0.224-0.5,0.5V22H1V2h12v3.5C13,5.776,13.224,6,13.5,6S14,5.776,14,5.5v-4C14,1.224,13.776,1,13.5,1   h-13C0.224,1,0,1.224,0,1.5v21C0,22.776,0.224,23,0.5,23h13c0.276,0,0.5-0.224,0.5-0.5v-4C14,18.224,13.776,18,13.5,18z"
                      />
                      <path
                        d="M23.961,12.691c0.051-0.122,0.051-0.26,0-0.382c-0.025-0.062-0.062-0.117-0.108-0.163l-5-5 c-0.195-0.195-0.512-0.195-0.707,0s-0.195,0.512,0,0.707L22.293,12H5.5C5.224,12,5,12.224,5,12.5S5.224,13,5.5,13h16.793   l-4.146,4.146c-0.195,0.195-0.195,0.512,0,0.707C18.244,17.951,18.372,18,18.5,18s0.256-0.049,0.354-0.146l5-5   C23.899,12.808,23.936,12.752,23.961,12.691z"
                      />
                    </g>
                  </svg>
                </Wt>
              </Icons>
              ui:help
            </a>
          </Lenke>
        </div>
      </styled.div>
      <Ga
        allowedWidgets={
          Array [
            "buc",
            "varsler",
            "overview",
          ]
        }
        breakpoints={
          Object {
            "lg": 900,
            "md": 600,
            "sm": 0,
          }
        }
        cols={
          Object {
            "lg": 12,
            "md": 3,
            "sm": 1,
          }
        }
        containerPadding={
          Array [
            10,
            10,
          ]
        }
        defaultConfig={
          Object {
            "breakpoints": Object {
              "lg": 900,
              "md": 600,
              "sm": 0,
            },
            "cols": Object {
              "lg": 12,
              "md": 3,
              "sm": 1,
            },
            "containerPadding": Array [
              10,
              10,
            ],
            "defaultTabIndex": 0,
            "margin": Array [
              10,
              10,
            ],
            "rowHeight": 30,
            "version": 1,
          }
        }
        defaultLayouts={
          Array [
            Object {
              "body": Object {
                "lg": Array [
                  Object {
                    "h": 1,
                    "i": "w-1-overview",
                    "maxH": 999,
                    "maxW": 12,
                    "minH": 1,
                    "minW": 6,
                    "w": 12,
                    "x": 0,
                    "y": 0,
                  },
                  Object {
                    "h": 6,
                    "i": "w-2-buc",
                    "maxH": 999,
                    "maxW": 12,
                    "minH": 2,
                    "minW": 6,
                    "w": 12,
                    "x": 0,
                    "y": 2,
                  },
                ],
                "md": Array [
                  Object {
                    "h": 1,
                    "i": "w-1-overview",
                    "maxH": 999,
                    "maxW": 3,
                    "minH": 1,
                    "minW": 2,
                    "w": 3,
                    "x": 0,
                    "y": 0,
                  },
                  Object {
                    "h": 6,
                    "i": "w-2-buc",
                    "maxH": 999,
                    "maxW": 3,
                    "minH": 2,
                    "minW": 2,
                    "w": 3,
                    "x": 0,
                    "y": 2,
                  },
                ],
                "sm": Array [
                  Object {
                    "h": 1,
                    "i": "w-1-overview",
                    "maxH": 999,
                    "maxW": 1,
                    "minH": 1,
                    "minW": 1,
                    "w": 1,
                    "x": 0,
                    "y": 0,
                  },
                  Object {
                    "h": 6,
                    "i": "w-2-buc",
                    "maxH": 999,
                    "maxW": 1,
                    "minH": 2,
                    "minW": 1,
                    "w": 1,
                    "x": 0,
                    "y": 2,
                  },
                ],
              },
              "label": "default",
            },
          ]
        }
        defaultTabIndex={0}
        defaultWidgets={
          Array [
            Object {
              "i": "w-1-overview",
              "options": Object {
                "collapsed": true,
              },
              "title": "Overview widget",
              "type": "overview",
              "visible": true,
            },
            Object {
              "i": "w-2-buc",
              "options": Object {
                "allowFullScreen": true,
              },
              "title": "BUC widget",
              "type": "buc",
              "visible": true,
            },
            Object {
              "i": "w-3-varsler",
              "options": Object {},
              "title": "Varsler widget",
              "type": "varsler",
              "visible": true,
            },
          ]
        }
        extraWidgets={
          Object {
            "BUCWidget": [Function],
            "OverviewWidget": [Function],
            "VarslerWidget": [Function],
          }
        }
        id="eessi-pensjon-ui-fss"
        margin={
          Array [
            10,
            10,
          ]
        }
        rowHeight={30}
        version={1}
      >
        <ke
          theme={
            Object {
              "black": "#000000",
              "border-radius-base": "4px",
              "border-radius-large": "6px",
              "border-radius-small": "2px",
              "container-desktop": "(940px + @grid-gutter-width)",
              "container-large-desktop": "(1140px + @grid-gutter-width)",
              "container-lg": "(1140px + @grid-gutter-width)",
              "container-md": "(940px + @grid-gutter-width)",
              "container-sm": "(720px + @grid-gutter-width)",
              "container-tablet": "(720px + @grid-gutter-width)",
              "fokusFarge": "mix(@navBla,#3E3832,40%)",
              "grayBackground": "#E9E7E7",
              "grayIcon": "#B7B1A9",
              "grayInactive": "#78706A",
              "grayModia": "#333333",
              "grid-columns": "12",
              "grid-float-breakpoint": "768px",
              "grid-float-breakpoint-max": "(@grid-float-breakpoint - 1)",
              "grid-gutter-width": "16px",
              "line-height-large": "1.3333333",
              "line-height-small": "1.5",
              "main-background-color": "#FFFFFF",
              "main-background-other-color": "#E9E7E7",
              "main-disabled-color": "#B7B1A9",
              "main-error-color": "#BA3A26",
              "main-focus-color": "mix(@navBla,#3E3832,40%)",
              "main-font-color": "#3E3832",
              "main-hover-color": "#66CBEC",
              "main-interactive-color": "#0067C5",
              "main-success-color": "#06893A",
              "main-warning-color": "#FF9100",
              "navBla": "#0067C5",
              "navBlaDarken20": "mix(@navBla,#3E3832,80%)",
              "navBlaDarken40": "mix(@navBla,#3E3832,60%)",
              "navBlaDarken60": "mix(@navBla,#3E3832,40%)",
              "navBlaDarken80": "mix(@navBla,#3E3832,20%)",
              "navBlaLighten20": "mix(@navBla,#fff, 80%)",
              "navBlaLighten40": "mix(@navBla,#fff, 60%)",
              "navBlaLighten60": "mix(@navBla,#fff, 40%)",
              "navBlaLighten80": "mix(@navBla,#fff, 20%)",
              "navDypBla": "#005B82",
              "navDypBlaDarken20": "mix(@navDypBla,#3E3832,80%)",
              "navDypBlaDarken40": "mix(@navDypBla,#3E3832,60%)",
              "navDypBlaDarken60": "mix(@navDypBla,#3E3832,40%)",
              "navDypBlaDarken80": "mix(@navDypBla,#3E3832,20%)",
              "navDypBlaLighten20": "mix(@navDypBla,#fff, 80%)",
              "navDypBlaLighten40": "mix(@navDypBla,#fff, 60%)",
              "navDypBlaLighten60": "mix(@navDypBla,#fff, 40%)",
              "navDypBlaLighten80": "mix(@navDypBla,#fff, 20%)",
              "navGra20": "#C6C2BF",
              "navGra40": "#B7B1A9",
              "navGra60": "#78706A",
              "navGra80": "#59514B",
              "navGronn": "#06893A",
              "navGronnDarken20": "mix(@navGronn,#3E3832,80%)",
              "navGronnDarken40": "mix(@navGronn,#3E3832,60%)",
              "navGronnDarken60": "mix(@navGronn,#3E3832,40%)",
              "navGronnDarken80": "mix(@navGronn,#3E3832,20%)",
              "navGronnLighten20": "mix(@navGronn,#fff, 80%)",
              "navGronnLighten40": "mix(@navGronn,#fff, 60%)",
              "navGronnLighten60": "mix(@navGronn,#fff, 40%)",
              "navGronnLighten80": "mix(@navGronn,#fff, 20%)",
              "navLilla": "#634689",
              "navLillaDarken20": "mix(@navLilla,#3E3832,80%)",
              "navLillaDarken40": "mix(@navLilla,#3E3832,60%)",
              "navLillaDarken60": "mix(@navLilla,#3E3832,40%)",
              "navLillaDarken80": "mix(@navLilla,#3E3832,20%)",
              "navLillaLighten20": "mix(@navLilla,#fff,80%)",
              "navLillaLighten40": "mix(@navLilla,#fff,60%)",
              "navLillaLighten60": "mix(@navLilla,#fff,40%)",
              "navLillaLighten80": "mix(@navLilla,#fff,20%)",
              "navLimeGronn": "#A2AD00",
              "navLimeGronnDarken20": "mix(@navLimeGronn,#3E3832,80%)",
              "navLimeGronnDarken40": "mix(@navLimeGronn,#3E3832,60%)",
              "navLimeGronnDarken60": "mix(@navLimeGronn,#3E3832,40%)",
              "navLimeGronnDarken80": "mix(@navLimeGronn,#3E3832,20%)",
              "navLimeGronnLighten20": "mix(@navLimeGronn,#fff,80%)",
              "navLimeGronnLighten40": "mix(@navLimeGronn,#fff,60%)",
              "navLimeGronnLighten60": "mix(@navLimeGronn,#fff,40%)",
              "navLimeGronnLighten80": "mix(@navLimeGronn,#fff,20%)",
              "navLysBla": "#66CBEC",
              "navLysBlaDarken20": "mix(@navLysBla,#3E3832,80%)",
              "navLysBlaDarken40": "mix(@navLysBla,#3E3832,60%)",
              "navLysBlaDarken60": "mix(@navLysBla,#3E3832,40%)",
              "navLysBlaDarken80": "mix(@navLysBla,#3E3832,20%)",
              "navLysBlaLighten20": "mix(@navLysBla,#fff,80%)",
              "navLysBlaLighten40": "mix(@navLysBla,#fff,60%)",
              "navLysBlaLighten60": "mix(@navLysBla,#fff,40%)",
              "navLysBlaLighten80": "mix(@navLysBla,#fff,20%)",
              "navLysGra": "#E9E7E7",
              "navMorkGra": "#3E3832",
              "navOransje": "#FF9100",
              "navOransjeDarken20": "mix(@navOransje,#3E3832,80%)",
              "navOransjeDarken40": "mix(@navOransje,#3E3832,60%)",
              "navOransjeDarken60": "mix(@navOransje,#3E3832,40%)",
              "navOransjeDarken80": "mix(@navOransje,#3E3832,20%)",
              "navOransjeLighten20": "mix(@navOransje,#fff,80%)",
              "navOransjeLighten40": "mix(@navOransje,#fff,60%)",
              "navOransjeLighten60": "mix(@navOransje,#fff,40%)",
              "navOransjeLighten80": "mix(@navOransje,#fff,20%)",
              "navRod": "#C30000",
              "navRodDarken20": "mix(@navRod,#3E3832,80%)",
              "navRodDarken40": "mix(@navRod,#3E3832,60%)",
              "navRodDarken60": "mix(@navRod,#3E3832,40%)",
              "navRodDarken80": "mix(@navRod,#3E3832,20%)",
              "navRodLighten20": "mix(@navRod,#fff,80%)",
              "navRodLighten40": "mix(@navRod,#fff,60%)",
              "navRodLighten60": "mix(@navRod,#fff,40%)",
              "navRodLighten80": "mix(@navRod,#fff,20%)",
              "orangeFocus": "#FFBD66",
              "orangeFocusDarken20": "mix(@orangeFocus,#3E3832,80%)",
              "orangeFocusDarken40": "mix(@orangeFocus,#3E3832,60%)",
              "orangeFocusDarken60": "mix(@orangeFocus,#3E3832,40%)",
              "orangeFocusDarken80": "mix(@orangeFocus,#3E3832,20%)",
              "orangeFocusLighten20": "mix(@orangeFocus,#fff,80%)",
              "orangeFocusLighten40": "mix(@orangeFocus,#fff,60%)",
              "orangeFocusLighten60": "mix(@orangeFocus,#fff,40%)",
              "orangeFocusLighten80": "mix(@orangeFocus,#fff,20%)",
              "padding-base-horizontal": "12px",
              "padding-base-vertical": "6px",
              "padding-large-horizontal": "16px",
              "padding-large-vertical": "10px",
              "padding-small-horizontal": "10px",
              "padding-small-vertical": "5px",
              "padding-xs-horizontal": "5px",
              "padding-xs-vertical": "1px",
              "pension-orange": "rgb(255, 167, 51)",
              "pension-orange-alpha": "rgba(255, 167, 51, 0.5)",
              "pension-orange-alpha-80": "rgba(255, 167, 51, 0.8)",
              "pinkErrorBg": "#F3E3E3",
              "redError": "#BA3A26",
              "redErrorDarken20": "mix(@redError,#3E3832,80%)",
              "redErrorDarken40": "mix(@redError,#3E3832,60%)",
              "redErrorDarken60": "mix(@redError,#3E3832,40%)",
              "redErrorDarken80": "mix(@redError,#3E3832,20%)",
              "redErrorLighten20": "mix(@redError,#fff,80%)",
              "redErrorLighten40": "mix(@redError,#fff,60%)",
              "redErrorLighten60": "mix(@redError,#fff,40%)",
              "redErrorLighten80": "mix(@redError,#fff,20%)",
              "screen-desktop": "992px",
              "screen-lg": "1200px",
              "screen-lg-desktop": "1200px",
              "screen-lg-min": "1200px",
              "screen-md": "992px",
              "screen-md-max": "(@screen-lg-min - 1)",
              "screen-md-min": "992px",
              "screen-sm": "768px",
              "screen-sm-max": "(@screen-md-min - 1)",
              "screen-sm-min": "768px",
              "screen-tablet": "768px",
              "screen-xs-max": "(@screen-sm-min - 1)",
              "type": "theme",
              "white": "#FFFFFF",
            }
          }
        >
          <Memo(d) />
          <styled.div
            className="lg"
          >
            <div
              className="sc-fzoyAV fQsatj lg"
            >
              <$
                addMode={false}
                breakpoints={
                  Object {
                    "lg": 900,
                    "md": 600,
                    "sm": 0,
                  }
                }
                cols={
                  Object {
                    "lg": 12,
                    "md": 3,
                    "sm": 1,
                  }
                }
                containerPadding={
                  Array [
                    10,
                    10,
                  ]
                }
                defaultTabIndex={0}
                editMode={false}
                highContrast={false}
                labels={
                  Object {
                    "addNewWidgets": "Legg til nye widgeter",
                    "arrangeWidgets": "Ordne widgets, og lagre eller avbryt endringer",
                    "cancelChanges": "Glem endringer",
                    "deleteWidgetAreYouSure1": "Er du sikker på at du vil slett dette widget?",
                    "deleteWidgetAreYouSure2": "Du kan legg til andre senere, men alle innstillinger vil gå tapt",
                    "dragHereToMoveWidget": "Dra her for å flytte widgeten",
                    "dragNewWidgets": "Dra nye widgeter til dashbordet",
                    "editDashboard": "Rediger dashbordet",
                    "hideNewWidgets": "Skjule nye widgeter",
                    "loading": "Laster opp...",
                    "noWidgetForType": "Ingen widget til type {{type}}",
                    "no_cancel": "No, cancel",
                    "reset": "Nullstill dashbordet",
                    "saveChanges": "Lagre endringer",
                    "yes_delete": "Yes, delete",
                  }
                }
                margin={
                  Array [
                    10,
                    10,
                  ]
                }
                onAddChange={[Function]}
                onCancelEdit={[Function]}
                onEditModeOn={[Function]}
                onResetEdit={[Function]}
                onSaveEdit={[Function]}
                rowHeight={30}
                version={1}
              >
                <ke
                  theme={
                    Object {
                      "black": "#000000",
                      "border-radius-base": "4px",
                      "border-radius-large": "6px",
                      "border-radius-small": "2px",
                      "container-desktop": "(940px + @grid-gutter-width)",
                      "container-large-desktop": "(1140px + @grid-gutter-width)",
                      "container-lg": "(1140px + @grid-gutter-width)",
                      "container-md": "(940px + @grid-gutter-width)",
                      "container-sm": "(720px + @grid-gutter-width)",
                      "container-tablet": "(720px + @grid-gutter-width)",
                      "fokusFarge": "mix(@navBla,#3E3832,40%)",
                      "grayBackground": "#E9E7E7",
                      "grayIcon": "#B7B1A9",
                      "grayInactive": "#78706A",
                      "grayModia": "#333333",
                      "grid-columns": "12",
                      "grid-float-breakpoint": "768px",
                      "grid-float-breakpoint-max": "(@grid-float-breakpoint - 1)",
                      "grid-gutter-width": "16px",
                      "line-height-large": "1.3333333",
                      "line-height-small": "1.5",
                      "main-background-color": "#FFFFFF",
                      "main-background-other-color": "#E9E7E7",
                      "main-disabled-color": "#B7B1A9",
                      "main-error-color": "#BA3A26",
                      "main-focus-color": "mix(@navBla,#3E3832,40%)",
                      "main-font-color": "#3E3832",
                      "main-hover-color": "#66CBEC",
                      "main-interactive-color": "#0067C5",
                      "main-success-color": "#06893A",
                      "main-warning-color": "#FF9100",
                      "navBla": "#0067C5",
                      "navBlaDarken20": "mix(@navBla,#3E3832,80%)",
                      "navBlaDarken40": "mix(@navBla,#3E3832,60%)",
                      "navBlaDarken60": "mix(@navBla,#3E3832,40%)",
                      "navBlaDarken80": "mix(@navBla,#3E3832,20%)",
                      "navBlaLighten20": "mix(@navBla,#fff, 80%)",
                      "navBlaLighten40": "mix(@navBla,#fff, 60%)",
                      "navBlaLighten60": "mix(@navBla,#fff, 40%)",
                      "navBlaLighten80": "mix(@navBla,#fff, 20%)",
                      "navDypBla": "#005B82",
                      "navDypBlaDarken20": "mix(@navDypBla,#3E3832,80%)",
                      "navDypBlaDarken40": "mix(@navDypBla,#3E3832,60%)",
                      "navDypBlaDarken60": "mix(@navDypBla,#3E3832,40%)",
                      "navDypBlaDarken80": "mix(@navDypBla,#3E3832,20%)",
                      "navDypBlaLighten20": "mix(@navDypBla,#fff, 80%)",
                      "navDypBlaLighten40": "mix(@navDypBla,#fff, 60%)",
                      "navDypBlaLighten60": "mix(@navDypBla,#fff, 40%)",
                      "navDypBlaLighten80": "mix(@navDypBla,#fff, 20%)",
                      "navGra20": "#C6C2BF",
                      "navGra40": "#B7B1A9",
                      "navGra60": "#78706A",
                      "navGra80": "#59514B",
                      "navGronn": "#06893A",
                      "navGronnDarken20": "mix(@navGronn,#3E3832,80%)",
                      "navGronnDarken40": "mix(@navGronn,#3E3832,60%)",
                      "navGronnDarken60": "mix(@navGronn,#3E3832,40%)",
                      "navGronnDarken80": "mix(@navGronn,#3E3832,20%)",
                      "navGronnLighten20": "mix(@navGronn,#fff, 80%)",
                      "navGronnLighten40": "mix(@navGronn,#fff, 60%)",
                      "navGronnLighten60": "mix(@navGronn,#fff, 40%)",
                      "navGronnLighten80": "mix(@navGronn,#fff, 20%)",
                      "navLilla": "#634689",
                      "navLillaDarken20": "mix(@navLilla,#3E3832,80%)",
                      "navLillaDarken40": "mix(@navLilla,#3E3832,60%)",
                      "navLillaDarken60": "mix(@navLilla,#3E3832,40%)",
                      "navLillaDarken80": "mix(@navLilla,#3E3832,20%)",
                      "navLillaLighten20": "mix(@navLilla,#fff,80%)",
                      "navLillaLighten40": "mix(@navLilla,#fff,60%)",
                      "navLillaLighten60": "mix(@navLilla,#fff,40%)",
                      "navLillaLighten80": "mix(@navLilla,#fff,20%)",
                      "navLimeGronn": "#A2AD00",
                      "navLimeGronnDarken20": "mix(@navLimeGronn,#3E3832,80%)",
                      "navLimeGronnDarken40": "mix(@navLimeGronn,#3E3832,60%)",
                      "navLimeGronnDarken60": "mix(@navLimeGronn,#3E3832,40%)",
                      "navLimeGronnDarken80": "mix(@navLimeGronn,#3E3832,20%)",
                      "navLimeGronnLighten20": "mix(@navLimeGronn,#fff,80%)",
                      "navLimeGronnLighten40": "mix(@navLimeGronn,#fff,60%)",
                      "navLimeGronnLighten60": "mix(@navLimeGronn,#fff,40%)",
                      "navLimeGronnLighten80": "mix(@navLimeGronn,#fff,20%)",
                      "navLysBla": "#66CBEC",
                      "navLysBlaDarken20": "mix(@navLysBla,#3E3832,80%)",
                      "navLysBlaDarken40": "mix(@navLysBla,#3E3832,60%)",
                      "navLysBlaDarken60": "mix(@navLysBla,#3E3832,40%)",
                      "navLysBlaDarken80": "mix(@navLysBla,#3E3832,20%)",
                      "navLysBlaLighten20": "mix(@navLysBla,#fff,80%)",
                      "navLysBlaLighten40": "mix(@navLysBla,#fff,60%)",
                      "navLysBlaLighten60": "mix(@navLysBla,#fff,40%)",
                      "navLysBlaLighten80": "mix(@navLysBla,#fff,20%)",
                      "navLysGra": "#E9E7E7",
                      "navMorkGra": "#3E3832",
                      "navOransje": "#FF9100",
                      "navOransjeDarken20": "mix(@navOransje,#3E3832,80%)",
                      "navOransjeDarken40": "mix(@navOransje,#3E3832,60%)",
                      "navOransjeDarken60": "mix(@navOransje,#3E3832,40%)",
                      "navOransjeDarken80": "mix(@navOransje,#3E3832,20%)",
                      "navOransjeLighten20": "mix(@navOransje,#fff,80%)",
                      "navOransjeLighten40": "mix(@navOransje,#fff,60%)",
                      "navOransjeLighten60": "mix(@navOransje,#fff,40%)",
                      "navOransjeLighten80": "mix(@navOransje,#fff,20%)",
                      "navRod": "#C30000",
                      "navRodDarken20": "mix(@navRod,#3E3832,80%)",
                      "navRodDarken40": "mix(@navRod,#3E3832,60%)",
                      "navRodDarken60": "mix(@navRod,#3E3832,40%)",
                      "navRodDarken80": "mix(@navRod,#3E3832,20%)",
                      "navRodLighten20": "mix(@navRod,#fff,80%)",
                      "navRodLighten40": "mix(@navRod,#fff,60%)",
                      "navRodLighten60": "mix(@navRod,#fff,40%)",
                      "navRodLighten80": "mix(@navRod,#fff,20%)",
                      "orangeFocus": "#FFBD66",
                      "orangeFocusDarken20": "mix(@orangeFocus,#3E3832,80%)",
                      "orangeFocusDarken40": "mix(@orangeFocus,#3E3832,60%)",
                      "orangeFocusDarken60": "mix(@orangeFocus,#3E3832,40%)",
                      "orangeFocusDarken80": "mix(@orangeFocus,#3E3832,20%)",
                      "orangeFocusLighten20": "mix(@orangeFocus,#fff,80%)",
                      "orangeFocusLighten40": "mix(@orangeFocus,#fff,60%)",
                      "orangeFocusLighten60": "mix(@orangeFocus,#fff,40%)",
                      "orangeFocusLighten80": "mix(@orangeFocus,#fff,20%)",
                      "padding-base-horizontal": "12px",
                      "padding-base-vertical": "6px",
                      "padding-large-horizontal": "16px",
                      "padding-large-vertical": "10px",
                      "padding-small-horizontal": "10px",
                      "padding-small-vertical": "5px",
                      "padding-xs-horizontal": "5px",
                      "padding-xs-vertical": "1px",
                      "pension-orange": "rgb(255, 167, 51)",
                      "pension-orange-alpha": "rgba(255, 167, 51, 0.5)",
                      "pension-orange-alpha-80": "rgba(255, 167, 51, 0.8)",
                      "pinkErrorBg": "#F3E3E3",
                      "redError": "#BA3A26",
                      "redErrorDarken20": "mix(@redError,#3E3832,80%)",
                      "redErrorDarken40": "mix(@redError,#3E3832,60%)",
                      "redErrorDarken60": "mix(@redError,#3E3832,40%)",
                      "redErrorDarken80": "mix(@redError,#3E3832,20%)",
                      "redErrorLighten20": "mix(@redError,#fff,80%)",
                      "redErrorLighten40": "mix(@redError,#fff,60%)",
                      "redErrorLighten60": "mix(@redError,#fff,40%)",
                      "redErrorLighten80": "mix(@redError,#fff,20%)",
                      "screen-desktop": "992px",
                      "screen-lg": "1200px",
                      "screen-lg-desktop": "1200px",
                      "screen-lg-min": "1200px",
                      "screen-md": "992px",
                      "screen-md-max": "(@screen-lg-min - 1)",
                      "screen-md-min": "992px",
                      "screen-sm": "768px",
                      "screen-sm-max": "(@screen-md-min - 1)",
                      "screen-sm-min": "768px",
                      "screen-tablet": "768px",
                      "screen-xs-max": "(@screen-sm-min - 1)",
                      "type": "theme",
                      "white": "#FFFFFF",
                    }
                  }
                >
                  <styled.div
                    className="c-dashboard__controlPanel"
                  >
                    <div
                      className="sc-AxjAm hEinrf c-dashboard__controlPanel"
                    >
                      <div
                        className="d-inline-block"
                      />
                      <div
                        className="c-dashboard__controlPanel-buttons"
                      >
                        <div
                          className="c-dashboard__controlPanel-edit-icon"
                          id="c-dashboard__controlPanel-edit-icon-id"
                          onClick={[Function]}
                          style={
                            Object {
                              "cursor": "pointer",
                            }
                          }
                          title="Rediger dashbordet"
                        >
                          <FontAwesomeIcon
                            border={false}
                            className=""
                            fixedWidth={false}
                            flip={null}
                            icon={
                              Object {
                                "icon": Array [
                                  512,
                                  512,
                                  Array [],
                                  "f013",
                                  "M487.4 315.7l-42.6-24.6c4.3-23.2 4.3-47 0-70.2l42.6-24.6c4.9-2.8 7.1-8.6 5.5-14-11.1-35.6-30-67.8-54.7-94.6-3.8-4.1-10-5.1-14.8-2.3L380.8 110c-17.9-15.4-38.5-27.3-60.8-35.1V25.8c0-5.6-3.9-10.5-9.4-11.7-36.7-8.2-74.3-7.8-109.2 0-5.5 1.2-9.4 6.1-9.4 11.7V75c-22.2 7.9-42.8 19.8-60.8 35.1L88.7 85.5c-4.9-2.8-11-1.9-14.8 2.3-24.7 26.7-43.6 58.9-54.7 94.6-1.7 5.4.6 11.2 5.5 14L67.3 221c-4.3 23.2-4.3 47 0 70.2l-42.6 24.6c-4.9 2.8-7.1 8.6-5.5 14 11.1 35.6 30 67.8 54.7 94.6 3.8 4.1 10 5.1 14.8 2.3l42.6-24.6c17.9 15.4 38.5 27.3 60.8 35.1v49.2c0 5.6 3.9 10.5 9.4 11.7 36.7 8.2 74.3 7.8 109.2 0 5.5-1.2 9.4-6.1 9.4-11.7v-49.2c22.2-7.9 42.8-19.8 60.8-35.1l42.6 24.6c4.9 2.8 11 1.9 14.8-2.3 24.7-26.7 43.6-58.9 54.7-94.6 1.5-5.5-.7-11.3-5.6-14.1zM256 336c-44.1 0-80-35.9-80-80s35.9-80 80-80 80 35.9 80 80-35.9 80-80 80z",
                                ],
                                "iconName": "cog",
                                "prefix": "fas",
                              }
                            }
                            inverse={false}
                            listItem={false}
                            mask={null}
                            pull={null}
                            pulse={false}
                            rotation={null}
                            size={null}
                            spin={false}
                            swapOpacity={false}
                            symbol={false}
                            title=""
                            transform={null}
                          >
                            <svg
                              aria-hidden="true"
                              className="svg-inline--fa fa-cog fa-w-16 "
                              data-icon="cog"
                              data-prefix="fas"
                              focusable="false"
                              role="img"
                              style={Object {}}
                              viewBox="0 0 512 512"
                              xmlns="http://www.w3.org/2000/svg"
                            >
                              <path
                                d="M487.4 315.7l-42.6-24.6c4.3-23.2 4.3-47 0-70.2l42.6-24.6c4.9-2.8 7.1-8.6 5.5-14-11.1-35.6-30-67.8-54.7-94.6-3.8-4.1-10-5.1-14.8-2.3L380.8 110c-17.9-15.4-38.5-27.3-60.8-35.1V25.8c0-5.6-3.9-10.5-9.4-11.7-36.7-8.2-74.3-7.8-109.2 0-5.5 1.2-9.4 6.1-9.4 11.7V75c-22.2 7.9-42.8 19.8-60.8 35.1L88.7 85.5c-4.9-2.8-11-1.9-14.8 2.3-24.7 26.7-43.6 58.9-54.7 94.6-1.7 5.4.6 11.2 5.5 14L67.3 221c-4.3 23.2-4.3 47 0 70.2l-42.6 24.6c-4.9 2.8-7.1 8.6-5.5 14 11.1 35.6 30 67.8 54.7 94.6 3.8 4.1 10 5.1 14.8 2.3l42.6-24.6c17.9 15.4 38.5 27.3 60.8 35.1v49.2c0 5.6 3.9 10.5 9.4 11.7 36.7 8.2 74.3 7.8 109.2 0 5.5-1.2 9.4-6.1 9.4-11.7v-49.2c22.2-7.9 42.8-19.8 60.8-35.1l42.6 24.6c4.9 2.8 11 1.9 14.8-2.3 24.7-26.7 43.6-58.9 54.7-94.6 1.5-5.5-.7-11.3-5.6-14.1zM256 336c-44.1 0-80-35.9-80-80s35.9-80 80-80 80 35.9 80 80-35.9 80-80 80z"
                                fill="currentColor"
                                style={Object {}}
                              />
                            </svg>
                          </FontAwesomeIcon>
                        </div>
                        <label
                          id="svg-inline--fa-title"
                          style={
                            Object {
                              "display": "none",
                            }
                          }
                        >
                          Rediger dashbordet
                        </label>
                      </div>
                    </div>
                  </styled.div>
                </ke>
              </$>
              <Un
                breakpoints={
                  Object {
                    "lg": 900,
                    "md": 600,
                    "sm": 0,
                  }
                }
                cols={
                  Object {
                    "lg": 12,
                    "md": 3,
                    "sm": 1,
                  }
                }
                containerPadding={
                  Array [
                    10,
                    10,
                  ]
                }
                currentBreakpoint="lg"
                currentTabIndex={0}
                defaultTabIndex={0}
                droppingItem={
                  Object {
                    "h": 0,
                    "i": "",
                    "w": 0,
                  }
                }
                editMode={false}
                highContrast={false}
                labels={
                  Object {
                    "addNewWidgets": "Legg til nye widgeter",
                    "arrangeWidgets": "Ordne widgets, og lagre eller avbryt endringer",
                    "cancelChanges": "Glem endringer",
                    "deleteWidgetAreYouSure1": "Er du sikker på at du vil slett dette widget?",
                    "deleteWidgetAreYouSure2": "Du kan legg til andre senere, men alle innstillinger vil gå tapt",
                    "dragHereToMoveWidget": "Dra her for å flytte widgeten",
                    "dragNewWidgets": "Dra nye widgeter til dashbordet",
                    "editDashboard": "Rediger dashbordet",
                    "hideNewWidgets": "Skjule nye widgeter",
                    "loading": "Laster opp...",
                    "noWidgetForType": "Ingen widget til type {{type}}",
                    "no_cancel": "No, cancel",
                    "reset": "Nullstill dashbordet",
                    "saveChanges": "Lagre endringer",
                    "yes_delete": "Yes, delete",
                  }
                }
                layouts={Array []}
                margin={
                  Array [
                    10,
                    10,
                  ]
                }
                myWidgets={
                  Object {
                    "BUCWidget": [Function],
                    "CatMidget": [Function],
                    "EkspandertBartWidget": [Function],
                    "LinksWidget": [Function],
                    "NoteWidget": [Function],
                    "OverviewWidget": [Function],
                    "SmileyWidget": [Function],
                    "VarslerWidget": [Function],
                  }
                }
                onBreakpointChange={[Function]}
                onLayoutChange={[Function]}
                onTabAdd={[Function]}
                onTabChange={[Function]}
                onTabDelete={[Function]}
                onTabMove={[Function]}
                onTabRename={[Function]}
                onWidgetDelete={[Function]}
                onWidgetDrop={[Function]}
                onWidgetFullFocus={[Function]}
                onWidgetResize={[Function]}
                onWidgetRestoreFocus={[Function]}
                onWidgetUpdate={[Function]}
                rowHeight={30}
                version={1}
                widgets={Array []}
              >
                <div />
              </Un>
            </div>
          </styled.div>
        </ke>
      </Ga>
    </div>
  </Component>
</IndexPage>
`;
