// Jest Snapshot v1, https://goo.gl/fbAQLP

exports[`pages/IndexPage Renders 1`] = `
<IndexPage>
  <Component>
    <div
      className="mock-c-topcontainer"
    >
      <styled.div>
        <div
          className="sc-fzqAbL jImamS"
        >
          <Lenke
            data-amplitude="links.rettskilder"
            href="https://lovdata.no/pro/#document/NAV/rundskriv/v2-45-03"
            onClick={[Function]}
            target="_blank"
          >
            <a
              className="lenke"
              data-amplitude="links.rettskilder"
              href="https://lovdata.no/pro/#document/NAV/rundskriv/v2-45-03"
              onClick={[Function]}
              rel="noopener"
              target="_blank"
            >
              <Icons
                className="mr-2"
                color="#0067C5"
                kind="outlink"
              >
                <_default
                  className="mr-2"
                  color="#0067C5"
                  height={24}
                  kind="outlink"
                  width={24}
                >
                  <svg
                    className="mr-2"
                    color="#0067C5"
                    contentScriptType="text/ecmascript"
                    contentStyleType="text/css"
                    enableBackground="new 0 0 24 24"
                    height={24}
                    id="Outline_Version"
                    kind="outlink"
                    preserveAspectRatio="xMidYMid meet"
                    version="1.1"
                    viewBox="0 0 24 24"
                    width={24}
                    x="0px"
                    xmlns="http://www.w3.org/2000/svg"
                    y="0px"
                    zoomAndPan="magnify"
                  >
                    <g
                      fill="#0067C5"
                    >
                      <path
                        d="M13.5,18c-0.276,0-0.5,0.224-0.5,0.5V22H1V2h12v3.5C13,5.776,13.224,6,13.5,6S14,5.776,14,5.5v-4C14,1.224,13.776,1,13.5,1   h-13C0.224,1,0,1.224,0,1.5v21C0,22.776,0.224,23,0.5,23h13c0.276,0,0.5-0.224,0.5-0.5v-4C14,18.224,13.776,18,13.5,18z"
                      />
                      <path
                        d="M23.961,12.691c0.051-0.122,0.051-0.26,0-0.382c-0.025-0.062-0.062-0.117-0.108-0.163l-5-5 c-0.195-0.195-0.512-0.195-0.707,0s-0.195,0.512,0,0.707L22.293,12H5.5C5.224,12,5,12.224,5,12.5S5.224,13,5.5,13h16.793   l-4.146,4.146c-0.195,0.195-0.195,0.512,0,0.707C18.244,17.951,18.372,18,18.5,18s0.256-0.049,0.354-0.146l5-5   C23.899,12.808,23.936,12.752,23.961,12.691z"
                      />
                    </g>
                  </svg>
                </_default>
              </Icons>
              ui:lawsource
            </a>
          </Lenke>
          <styled.span>
            <span
              className="sc-fzqMAW ffhUxI"
            >
              •
            </span>
          </styled.span>
          <Lenke
            data-amplitude="links.hjelpe"
            href="https://navno.sharepoint.com/sites/fag-og-ytelser-regelverk-og-rutiner/SitePages/Pensjon-.aspx"
            onClick={[Function]}
            target="_blank"
          >
            <a
              className="lenke"
              data-amplitude="links.hjelpe"
              href="https://navno.sharepoint.com/sites/fag-og-ytelser-regelverk-og-rutiner/SitePages/Pensjon-.aspx"
              onClick={[Function]}
              rel="noopener"
              target="_blank"
            >
              <Icons
                className="mr-2"
                color="#0067C5"
                kind="outlink"
              >
                <_default
                  className="mr-2"
                  color="#0067C5"
                  height={24}
                  kind="outlink"
                  width={24}
                >
                  <svg
                    className="mr-2"
                    color="#0067C5"
                    contentScriptType="text/ecmascript"
                    contentStyleType="text/css"
                    enableBackground="new 0 0 24 24"
                    height={24}
                    id="Outline_Version"
                    kind="outlink"
                    preserveAspectRatio="xMidYMid meet"
                    version="1.1"
                    viewBox="0 0 24 24"
                    width={24}
                    x="0px"
                    xmlns="http://www.w3.org/2000/svg"
                    y="0px"
                    zoomAndPan="magnify"
                  >
                    <g
                      fill="#0067C5"
                    >
                      <path
                        d="M13.5,18c-0.276,0-0.5,0.224-0.5,0.5V22H1V2h12v3.5C13,5.776,13.224,6,13.5,6S14,5.776,14,5.5v-4C14,1.224,13.776,1,13.5,1   h-13C0.224,1,0,1.224,0,1.5v21C0,22.776,0.224,23,0.5,23h13c0.276,0,0.5-0.224,0.5-0.5v-4C14,18.224,13.776,18,13.5,18z"
                      />
                      <path
                        d="M23.961,12.691c0.051-0.122,0.051-0.26,0-0.382c-0.025-0.062-0.062-0.117-0.108-0.163l-5-5 c-0.195-0.195-0.512-0.195-0.707,0s-0.195,0.512,0,0.707L22.293,12H5.5C5.224,12,5,12.224,5,12.5S5.224,13,5.5,13h16.793   l-4.146,4.146c-0.195,0.195-0.195,0.512,0,0.707C18.244,17.951,18.372,18,18.5,18s0.256-0.049,0.354-0.146l5-5   C23.899,12.808,23.936,12.752,23.961,12.691z"
                      />
                    </g>
                  </svg>
                </_default>
              </Icons>
              ui:help
            </a>
          </Lenke>
        </div>
      </styled.div>
      <Component
        allowedWidgets={
          Array [
            "buc",
            "varsler",
            "overview",
          ]
        }
        defaultConfig={
          Object {
            "breakpoints": Object {
              "lg": 900,
              "md": 600,
              "sm": 0,
            },
            "cols": Object {
              "lg": 12,
              "md": 3,
              "sm": 1,
            },
            "containerPadding": Array [
              10,
              10,
            ],
            "defaultTabIndex": 0,
            "margin": Array [
              10,
              10,
            ],
            "rowHeight": 30,
            "version": 1,
          }
        }
        defaultLayouts={
          Array [
            Object {
              "body": Object {
                "lg": Array [
                  Object {
                    "h": 1,
                    "i": "w-1-overview",
                    "maxH": 999,
                    "maxW": 12,
                    "minH": 1,
                    "minW": 6,
                    "w": 12,
                    "x": 0,
                    "y": 0,
                  },
                  Object {
                    "h": 6,
                    "i": "w-2-buc",
                    "maxH": 999,
                    "maxW": 12,
                    "minH": 2,
                    "minW": 6,
                    "w": 12,
                    "x": 0,
                    "y": 2,
                  },
                ],
                "md": Array [
                  Object {
                    "h": 1,
                    "i": "w-1-overview",
                    "maxH": 999,
                    "maxW": 3,
                    "minH": 1,
                    "minW": 2,
                    "w": 3,
                    "x": 0,
                    "y": 0,
                  },
                  Object {
                    "h": 6,
                    "i": "w-2-buc",
                    "maxH": 999,
                    "maxW": 3,
                    "minH": 2,
                    "minW": 2,
                    "w": 3,
                    "x": 0,
                    "y": 2,
                  },
                ],
                "sm": Array [
                  Object {
                    "h": 1,
                    "i": "w-1-overview",
                    "maxH": 999,
                    "maxW": 1,
                    "minH": 1,
                    "minW": 1,
                    "w": 1,
                    "x": 0,
                    "y": 0,
                  },
                  Object {
                    "h": 6,
                    "i": "w-2-buc",
                    "maxH": 999,
                    "maxW": 1,
                    "minH": 2,
                    "minW": 1,
                    "w": 1,
                    "x": 0,
                    "y": 2,
                  },
                ],
              },
              "label": "default",
            },
          ]
        }
        defaultWidgets={
          Array [
            Object {
              "i": "w-1-overview",
              "options": Object {
                "collapsed": true,
              },
              "title": "Overview widget",
              "type": "overview",
              "visible": true,
            },
            Object {
              "i": "w-2-buc",
              "options": Object {
                "allowFullScreen": true,
              },
              "title": "BUC widget",
              "type": "buc",
              "visible": true,
            },
            Object {
              "i": "w-3-varsler",
              "options": Object {},
              "title": "Varsler widget",
              "type": "varsler",
              "visible": true,
            },
          ]
        }
        extraWidgets={
          Object {
            "BUCWidget": [Function],
            "OverviewWidget": [Function],
            "VarslerWidget": [Function],
          }
        }
        id="eessi-pensjon-ui-fss"
      >
        <div
          className="mock-c-dashboard"
          onClick={[Function]}
        />
      </Component>
    </div>
  </Component>
</IndexPage>
`;
