// Jest Snapshot v1, https://goo.gl/fbAQLP

exports[`pages/Error Renders 1`] = `
<Error
  history={Object {}}
  type="something"
>
  <Component
    className="p-error"
  >
    <div
      className="mock-c-topcontainer"
    >
      <div
        className="p-error__content"
      >
        <div
          className="EESSIPensjonVeileder"
        >
          <EESSIPensjonVeileder
            id="EESSIPensjonVeileder"
            mood="trist"
          >
            <div
              className="c-EESSIPensjonVeileder"
              id="EESSIPensjonVeileder"
            >
              <img
                alt="nav-trist-veileder"
                height={130}
                src="navPensjonTristOrangeVeileder.png"
                width={130}
              />
            </div>
          </EESSIPensjonVeileder>
        </div>
        <Undertittel
          className="title m-5"
        >
          <TypografiBase
            className="title m-5"
            type="undertittel"
          >
            <h2
              className="typo-undertittel title m-5"
            >
              ui:error-404-title
            </h2>
          </TypografiBase>
        </Undertittel>
        <div
          className="description"
          dangerouslySetInnerHTML={
            Object {
              "__html": "ui:error-404-description",
            }
          }
        />
        <div
          className="line"
        />
        <Normaltekst
          className="mt-2 footer"
        >
          <TypografiBase
            className="mt-2 footer"
            type="normaltekst"
          >
            <p
              className="typo-normal mt-2 footer"
            >
              ui:error-404-footer
            </p>
          </TypografiBase>
        </Normaltekst>
      </div>
    </div>
  </Component>
</Error>
`;
