// Jest Snapshot v1, https://goo.gl/fbAQLP

exports[`pages/Error Render: match snapshot 1`] = `
.c11 {
  border-style: solid;
}

.c11.ekspanderbartPanel--apen .ReactCollapse--collapse {
  will-change: max-height,height;
  max-height: 150em;
  -webkit-animation: lejruX 250ms ease;
  animation: lejruX 250ms ease;
}

.c11.ekspanderbartPanel--lukket .ReactCollapse--collapse {
  will-change: max-height,height;
  max-height: 0;
  -webkit-animation: fywWsj 250ms ease;
  animation: fywWsj 250ms ease;
}

.c11 .ekspanderbartPanel__knapp {
  background: none;
  border: none;
}

.c11 .ekspanderbartPanel__hode:focus,
.c11 .ekspanderbartPanel__hode--focus {
  box-shadow: 0 0 0 3px !important;
  outline: none;
}

.c11 .ekspanderbartPanel__hode {
  width: auto;
}

.c11 .ekspanderbartPanel__hode:hover {
  background-color: !important;
}

.c11 p {
  font-size: inherit;
  line-height: inherit;
}

ui-fss.g2[id="c10"] {
  content: "c11,";
}

.c5 {
  margin-bottom: 2rem;
}

.c14 {
  margin-bottom: 1rem;
}

ui-fss.g32[id="c4"] {
  content: "c5,c14,";
}

.c7 {
  width: 80%;
  margin: 1rem;
  text-align: center;
}

ui-fss.g49[id="c6"] {
  content: "c7,";
}

.c1 {
  -webkit-flex: 1;
  -ms-flex: 1;
  flex: 1;
  display: -webkit-box;
  display: -webkit-flex;
  display: -ms-flexbox;
  display: flex;
  -webkit-flex-direction: column;
  -ms-flex-direction: column;
  flex-direction: column;
  -webkit-align-items: center;
  -webkit-box-align: center;
  -ms-flex-align: center;
  align-items: center;
  -webkit-box-pack: center;
  -webkit-justify-content: center;
  -ms-flex-pack: center;
  justify-content: center;
}

ui-fss.g50[id="c0"] {
  content: "c1,";
}

.c9 {
  min-width: 50%;
}

ui-fss.g51[id="c8"] {
  content: "c9,";
}

.c13 {
  width: 60%;
  margin: 1rem;
  min-height: 0.25rem;
  border-bottom: 1px solid;
}

ui-fss.g52[id="c12"] {
  content: "c13,";
}

.c3 {
  height: 110px;
}

ui-fss.g54[id="c2"] {
  content: "c3,";
}

<Error
  error={
    Object {
      "stack": "foo",
    }
  }
  type="something"
>
  <Component>
    <div
      className="mock-c-topcontainer"
    >
      <styled.div>
        <div
          className="c0 c1"
        >
          <Styled(EESSIPensjonVeileder)
            data-testid="p-error__veileder-id"
            mood="trist"
          >
            <EESSIPensjonVeileder
              className="c2 c3"
              data-testid="p-error__veileder-id"
              mood="trist"
            >
              <div
                className="c2 c3"
                data-testid="c-eessipensjonveileder"
              >
                <img
                  alt="nav-trist-veileder"
                  height={130}
                  src="navPensjonTristOrangeVeileder.png"
                  width={130}
                />
              </div>
            </EESSIPensjonVeileder>
          </Styled(EESSIPensjonVeileder)>
          <styled.div
            size="2"
          >
            <div
              className="c4 c5"
              size="2"
            />
          </styled.div>
          <Styled(Undertittel)
            data-testid="p-error__title-id"
          >
            <Undertittel
              className=""
              data-testid="p-error__title-id"
            >
              <TypografiBase
                className=""
                data-testid="p-error__title-id"
                type="undertittel"
              >
                <h2
                  className="typo-undertittel "
                  data-testid="p-error__title-id"
                >
                  ui:error-404-title
                </h2>
              </TypografiBase>
            </Undertittel>
          </Styled(Undertittel)>
          <styled.div
            dangerouslySetInnerHTML={
              Object {
                "__html": "ui:error-404-description",
              }
            }
            data-testid="p-error__description-id"
          >
            <div
              className="c6 c7"
              dangerouslySetInnerHTML={
                Object {
                  "__html": "ui:error-404-description",
                }
              }
              data-testid="p-error__description-id"
            />
          </styled.div>
          <Styled(ExpandingPanel)
            collapseProps={
              Object {
                "id": "p-error__content-error-id",
              }
            }
            data-testid="p-error__content-error-id"
            heading="ui:error-header"
            id="p-error__content-error-id"
            onOpen={[Function]}
          >
            <ExpandingPanel
              className="c8 c9"
              collapseProps={
                Object {
                  "id": "p-error__content-error-id",
                }
              }
              data-testid="p-error__content-error-id"
              heading="ui:error-header"
              id="p-error__content-error-id"
              onOpen={[Function]}
            >
              <styled.div
                className="ekspanderbartPanel c8 c9 ekspanderbartPanel--lukket"
                id="p-error__content-error-id"
                style={Object {}}
              >
                <div
                  className="c10 c11 ekspanderbartPanel c8 c9 ekspanderbartPanel--lukket"
                  id="p-error__content-error-id"
                  style={Object {}}
                >
                  <div
                    aria-expanded={false}
                    className="ekspanderbartPanel__hode"
                    data-testid="c-expandingpanel__head-id"
                    onClick={[Function]}
                    onKeyDown={[Function]}
                    role="button"
                    tabIndex={0}
                  >
                    <div
                      className="ekspanderbartPanel__flex-wrapper"
                      data-testid="c-expandingpanel__body-id"
                    >
                      ui:error-header
                      <button
                        aria-expanded={false}
                        aria-label="ui:open"
                        className="ekspanderbartPanel__knapp"
                        data-testid="c-expandingpanel__button-id"
                        onClick={[Function]}
                        onKeyDown={[Function]}
                        type="button"
                      >
                        <span
                          className="ekspanderbartPanel__indikator"
                        />
                      </button>
                    </div>
                  </div>
                  <UnmountClosed
                    id="p-error__content-error-id"
                    isOpened={false}
                    onRest={[Function]}
                  />
                </div>
              </styled.div>
            </ExpandingPanel>
          </Styled(ExpandingPanel)>
          <div
            data-testid="p-error__footer-id"
          >
            <styled.div>
              <div
                className="c12 c13"
              />
            </styled.div>
            <styled.div>
              <div
                className="c4 c14"
              />
            </styled.div>
            <Normaltekst>
              <TypografiBase
                type="normaltekst"
              >
                <p
                  className="typo-normal"
                >
                  ui:error-404-footer
                </p>
              </TypografiBase>
            </Normaltekst>
          </div>
        </div>
      </styled.div>
    </div>
  </Component>
</Error>
`;
