// Jest Snapshot v1, https://goo.gl/fbAQLP

exports[`components/MultipleSelect/MultipleValueRemove Render: match snapshot 1`] = `
.c1 {
  display: -webkit-box;
  display: -webkit-flex;
  display: -ms-flexbox;
  display: flex;
  cursor: pointer;
}

.c1:hover {
  background-color: transparent !important;
}

ui-fss.g1[id="c0"] {
  content: "c1,";
}

<MultipleValueRemove>
  <styled.div
    data-testid="c-multipleselect-multiplevalueremove"
    style={Object {}}
  >
    <div
      className="c0 c1"
      data-testid="c-multipleselect-multiplevalueremove"
      style={Object {}}
    >
      <ForwardRef(SvgErrorFilled)
        style={
          Object {
            "visibility": "visible",
          }
        }
      >
        <svg
          fill="none"
          focusable={false}
          height="1em"
          role="img"
          style={
            Object {
              "visibility": "visible",
            }
          }
          viewBox="0 0 24 24"
          width="1em"
          xmlns="http://www.w3.org/2000/svg"
        >
          <path
            clipRule="evenodd"
            d="M12 0c6.627 0 12 5.373 12 12s-5.373 12-12 12S0 18.627 0 12 5.373 0 12 0zm3.571 7L17 8.429 13.428 12 17 15.571 15.571 17 12 13.428 8.429 17 7 15.571 10.572 12 7 8.429 8.429 7 12 10.572 15.571 7z"
            fill="currentColor"
            fillRule="evenodd"
          />
        </svg>
      </ForwardRef(SvgErrorFilled)>
    </div>
  </styled.div>
</MultipleValueRemove>
`;
