// Jest Snapshot v1, https://goo.gl/fbAQLP

exports[`components/MultipleSelect/MultipleValueLabel Render: match snapshot 1`] = `
.c3 {
  padding: 0px;
}

ui-fss.g1[id="c2"] {
  content: "c3,";
}

.c1 {
  display: -webkit-box;
  display: -webkit-flex;
  display: -ms-flexbox;
  display: flex;
  -webkit-align-items: center;
  -webkit-box-align: center;
  -ms-flex-align: center;
  align-items: center;
}

ui-fss.g2[id="c0"] {
  content: "c1,";
}

<MultipleValueLabel
  data={
    Object {
      "label": "mockLabel",
    }
  }
>
  <MultiValueGeneric
    data={
      Object {
        "label": "mockLabel",
      }
    }
    data-test-id="c-multipleselect-multivaluelabel"
  >
    <div>
      <styled.div>
        <div
          className="c0 c1"
        >
          <styled.div>
            <div
              className="c2 c3"
            >
                  
              mockLabel
                  
            </div>
          </styled.div>
        </div>
      </styled.div>
    </div>
  </MultiValueGeneric>
</MultipleValueLabel>
`;
