// Jest Snapshot v1, https://goo.gl/fbAQLP

exports[`components/MultipleSelect/MultipleValueRemove Render: match snapshot 1`] = `
.c1 {
  display: -webkit-box;
  display: -webkit-flex;
  display: -ms-flexbox;
  display: flex;
  cursor: pointer;
}

.c1:hover {
  background-color: transparent !important;
}

ui-fss.g49[id="c0"] {
  content: "c1,";
}

<MultipleValueRemove
  selectProps={
    Object {
      "selectProps": Object {
        "theme": Object {
          "alternative-background-color": "#FFFFFF",
          "alternative-hover-color": "#cce1ff",
          "alternative-interactive-color": "#0074df",
          "black": "#000000",
          "border-radius-base": "4px",
          "border-radius-large": "6px",
          "border-radius-small": "2px",
          "container-desktop": "(940px + @grid-gutter-width)",
          "container-large-desktop": "(1140px + @grid-gutter-width)",
          "container-lg": "(1140px + @grid-gutter-width)",
          "container-md": "(940px + @grid-gutter-width)",
          "container-sm": "(720px + @grid-gutter-width)",
          "container-tablet": "(720px + @grid-gutter-width)",
          "fokusFarge": "#00347d",
          "grayBackground": "#f1f1f1",
          "grayIcon": "#a0a0a0",
          "grayInactive": "#6a6a6a",
          "grayModia": "#333333",
          "grid-columns": "12",
          "grid-float-breakpoint": "768px",
          "grid-float-breakpoint-max": "(@grid-float-breakpoint - 1)",
          "grid-gutter-width": "16px",
          "inverted-font-color": "#FFFFFF",
          "line-height-large": "1.3333333",
          "line-height-small": "1.5",
          "main-active-color": "#005b82",
          "main-background-color": "#f1f1f1",
          "main-border-color": "#6a6a6a",
          "main-border-radius": "4px",
          "main-border-width": "1px",
          "main-disabled-color": "#a0a0a0",
          "main-error-color": "#ba3a26",
          "main-focus-color": "#00347d",
          "main-font-color": "#262626",
          "main-hover-color": "#99c3ff",
          "main-interactive-color": "#0067c5",
          "main-success-color": "#06893a",
          "main-warning-color": "#ff9100",
          "navBakgrunn": "#ffffff",
          "navBla": "#0067c5",
          "navBlaDarken20": "#0056b4",
          "navBlaDarken40": "#00459c",
          "navBlaDarken60": "#00347d",
          "navBlaDarken80": "#002252",
          "navBlaLighten20": "#3386e0",
          "navBlaLighten40": "#66a5f4",
          "navBlaLighten60": "#99c3ff",
          "navBlaLighten80": "#cce1ff",
          "navDypBla": "#005b82",
          "navDypBlaDarken20": "#005077",
          "navDypBlaDarken40": "#004367",
          "navDypBlaDarken60": "#003453",
          "navDypBlaDarken80": "#00243a",
          "navDypBlaLighten20": "#3380a5",
          "navDypBlaLighten40": "#66a3c4",
          "navDypBlaLighten60": "#99c4dd",
          "navDypBlaLighten80": "#cce2f0",
          "navGra20": "#c9c9c9",
          "navGra40": "#a0a0a0",
          "navGra60": "#6a6a6a",
          "navGra80": "#4f4f4f",
          "navGraBakgrunn": "#f1f1f1",
          "navGronn": "#06893a",
          "navGronnDarken20": "#007c2e",
          "navGronnDarken40": "#006a23",
          "navGronnDarken60": "#005519",
          "navGronnDarken80": "#003b0f",
          "navGronnLighten20": "#33aa5f",
          "navGronnLighten40": "#66c786",
          "navGronnLighten60": "#99dead",
          "navGronnLighten80": "#ccf1d6",
          "navLilla": "#634689",
          "navLillaDarken20": "#523874",
          "navLillaDarken40": "#412b5d",
          "navLillaDarken60": "#301f46",
          "navLillaDarken80": "#1f142f",
          "navLillaLighten20": "#8269a2",
          "navLillaLighten40": "#a18dbb",
          "navLillaLighten60": "#c0b2d2",
          "navLillaLighten80": "#e0d8e9",
          "navLimeGronn": "#a2ad00",
          "navLimeGronnDarken20": "#939e00",
          "navLimeGronnDarken40": "#7f8900",
          "navLimeGronnDarken60": "#666e00",
          "navLimeGronnDarken80": "#474e00",
          "navLimeGronnLighten20": "#c1cb33",
          "navLimeGronnLighten40": "#d9e366",
          "navLimeGronnLighten60": "#ecf399",
          "navLimeGronnLighten80": "#f9fccc",
          "navLysBla": "#66cbec",
          "navLysBlaDarken20": "#4cadcd",
          "navLysBlaDarken40": "#368da8",
          "navLysBlaDarken60": "#236b7d",
          "navLysBlaDarken80": "#134852",
          "navLysBlaLighten20": "#7cdaf8",
          "navLysBlaLighten40": "#97e6ff",
          "navLysBlaLighten60": "#b5f1ff",
          "navLysBlaLighten80": "#d8f9ff",
          "navLysGra": "#f1f1f1",
          "navMorkGra": "#262626",
          "navOransje": "#ff9100",
          "navOransjeDarken20": "#d47b00",
          "navOransjeDarken40": "#a86400",
          "navOransjeDarken60": "#7d4c00",
          "navOransjeDarken80": "#523300",
          "navOransjeLighten20": "#ffaa33",
          "navOransjeLighten40": "#ffc166",
          "navOransjeLighten60": "#ffd799",
          "navOransjeLighten80": "#ffeccc",
          "navRod": "#c30000",
          "padding-base-horizontal": "12px",
          "padding-base-vertical": "6px",
          "padding-large-horizontal": "16px",
          "padding-large-vertical": "10px",
          "padding-small-horizontal": "10px",
          "padding-small-vertical": "5px",
          "padding-xs-horizontal": "5px",
          "padding-xs-vertical": "1px",
          "pinkErrorBg": "#f3e3e3",
          "redError": "#ba3a26",
          "redErrorDarken20": "#a32a17",
          "redErrorDarken40": "#881d0c",
          "redErrorDarken60": "#6a1204",
          "redErrorDarken80": "#480900",
          "redErrorLighten20": "#d05c4a",
          "redErrorLighten40": "#e18071",
          "redErrorLighten60": "#efa89d",
          "redErrorLighten80": "#f9d2cc",
          "screen-desktop": "992px",
          "screen-lg": "1200px",
          "screen-lg-desktop": "1200px",
          "screen-lg-min": "1200px",
          "screen-md": "992px",
          "screen-md-max": "(@screen-lg-min - 1)",
          "screen-md-min": "992px",
          "screen-sm": "768px",
          "screen-sm-max": "(@screen-md-min - 1)",
          "screen-sm-min": "768px",
          "screen-tablet": "768px",
          "screen-xs-max": "(@screen-sm-min - 1)",
          "type": "theme",
          "white": "#FFFFFF",
        },
      },
    }
  }
>
  <styled.div
    data-test-id="c-multipleselect-multiplevalueremove"
    onMouseEnter={[Function]}
    onMouseLeave={[Function]}
    style={Object {}}
  >
    <div
      className="c0 c1"
      data-test-id="c-multipleselect-multiplevalueremove"
      onMouseEnter={[Function]}
      onMouseLeave={[Function]}
      style={Object {}}
    >
      <FilledVersionRemoveCircle
        color="#262626"
        style={
          Object {
            "visibility": "visible",
          }
        }
      >
        <svg
          color="#262626"
          contentScriptType="text/ecmascript"
          contentStyleType="text/css"
          enableBackground="new 0 0 24 24"
          height={24}
          id="Filled_Version"
          preserveAspectRatio="xMidYMid meet"
          style={
            Object {
              "visibility": "visible",
            }
          }
          version="1.1"
          viewBox="0 0 24 24"
          width={24}
          x="0px"
          xmlns="http://www.w3.org/2000/svg"
          y="0px"
          zoomAndPan="magnify"
        >
          <path
            d="M11.499,0C5.17,0,0.012,5.148,0,11.477c-0.006,3.072,1.184,5.962,3.352,8.139c2.168,2.176,5.054,3.378,8.126,3.384H11.5  c6.328,0,11.487-5.149,11.5-11.479C23.012,5.181,17.863,0.012,11.499,0z M11.5,22.5L11.5,22.5L11.5,22.5L11.5,22.5z M16.088,15.398  c0.194,0.195,0.193,0.512-0.002,0.707c-0.098,0.098-0.225,0.146-0.353,0.146c-0.127,0-0.256-0.049-0.354-0.146l-3.882-3.898  l-3.896,3.882c-0.098,0.098-0.226,0.146-0.354,0.146c-0.128,0-0.255-0.049-0.353-0.146c-0.195-0.196-0.195-0.513,0.001-0.707  l3.897-3.882L6.91,7.602C6.715,7.406,6.716,7.09,6.912,6.896C7.107,6.699,7.424,6.7,7.619,6.897l3.881,3.897l3.896-3.881  c0.195-0.195,0.513-0.195,0.707,0.001c0.195,0.195,0.195,0.512-0.001,0.707l-3.896,3.882L16.088,15.398z"
            fill="#262626"
          />
        </svg>
      </FilledVersionRemoveCircle>
    </div>
  </styled.div>
</MultipleValueRemove>
`;
