// Jest Snapshot v1, https://goo.gl/fbAQLP

exports[`components/MultipleSelect/MultipleOption Render: match snapshot 1`] = `
.c1:not(:disabled) {
  cursor: pointer;
}

.c1 label:hover {
  color: var(--navds-semantic-color-text-inverted) !important;
}

ui-fss.g1[id="c0"] {
  content: "c1,";
}

<div
  aria-disabled="false"
  class="css-0"
>
  <div
    class="c0 c1 navds-checkbox navds-checkbox--medium"
  >
    <input
      aria-checked="false"
      aria-invalid="false"
      class="navds-checkbox__input"
      data-testid="c-multipleoption--checkbox--mockValue"
      id="c-multipleoption--checkbox--mockValue"
      type="checkbox"
    />
    <label
      class="navds-checkbox__label"
      for="c-multipleoption--checkbox--mockValue"
    >
      <span
        class="navds-checkbox__content"
      >
        <span
          class="navds-body-short"
        >
          mockLabel
        </span>
      </span>
    </label>
  </div>
</div>
`;
