// Jest Snapshot v1, https://goo.gl/fbAQLP

exports[`applications/BUC/components/SEDStatus/SEDStatus Render: match snapshot 1`] = `
.c1 {
  text-transform: capitalize;
  font-size: 12px;
  min-width: 70px;
  font-weight: normal;
}

.c1.received {
  background-color: !important;
}

.c1.active {
  background-color: !important;
  border-color: !important;
}

.c1.first_sent,
.c1.first_received,
.c1.first_cancelled {
  background-color: !important;
}

ui-fss.g49[id="c0"] {
  content: "c1,";
}

<SEDStatus
  highContrast={false}
  status="new"
>
  <Styled(EtikettBase)
    className="new"
    type="fokus"
  >
    <EtikettBase
      className="c0 c1 new"
      mini={false}
      type="fokus"
    >
      <div
        className="etikett c0 c1 new etikett--fokus"
      >
        <TypografiBase
          tag="span"
          type="normaltekst"
        >
          <span
            className="typo-normal"
          >
            buc:status-new
          </span>
        </TypografiBase>
      </div>
    </EtikettBase>
  </Styled(EtikettBase)>
</SEDStatus>
`;
