// Jest Snapshot v1, https://goo.gl/fbAQLP

exports[`applications/BUC/components/SEDStatus/SEDStatus Render: match snapshot 1`] = `
.c1.received {
  background-color: var(--a-lightblue-500) !important;
}

.c1.active {
  background-color: var(--a-purple-200) !important;
  border-color: var(--a-purple-500) !important;
}

.c1.first_sent,
.c1.first_received,
.c1.first_cancelled {
  background-color: var(--a-gray-400) !important;
}

ui-fss.g1[id="c0"] {
  content: "c1,";
}

<span
  class="navds-tag c0 c1 new navds-tag--info navds-tag--medium navds-body-short"
>
  buc:status-new
</span>
`;
