// Jest Snapshot v1, https://goo.gl/fbAQLP

exports[`applications/BUC/components/SEDSearch/SEDSearch Render: match snapshot 1`] = `
.c7 .skjemaelement--feilmelding .multipleSelect--control {
  border: 1px solid;
}

ui-fss.g4[id="c6"] {
  content: "c7,";
}

.c1 {
  display: -webkit-box !important;
  display: -webkit-flex !important;
  display: -ms-flexbox !important;
  display: flex !important;
  -webkit-align-items: flex-start;
  -webkit-box-align: flex-start;
  -ms-flex-align: flex-start;
  align-items: flex-start;
  padding: 0.5rem;
}

.c1 .ekspanderbartPanel--hode {
  padding: 0.25rem;
}

ui-fss.g5[id="c0"] {
  content: "c1,";
}

.c3 {
  padding-left: 0.25rem;
  padding-right: 0.25rem;
  width: 50%;
}

ui-fss.g6[id="c2"] {
  content: "c3,";
}

.c5 {
  margin-right: 0.5rem;
  margin-bottom: 0.25rem !important;
  margin-left: 0.25rem;
}

.c5 .navds-text-field--label navds-label {
  display: none;
}

ui-fss.g7[id="c4"] {
  content: "c5,";
}

<div
  class="navds-panel c0 c1 navds-panel--border"
  data-testid="a_buc_c_sedsearch--panel-id"
>
  <div
    class="c2 c3"
  >
    <div
      class="c4 c5 navds-form-field navds-form-field--medium"
    >
      <label
        class="navds-form-field__label navds-label"
        for="a_buc_c_sedsearch--query-input-id"
      >
        buc:form-filterSED
      </label>
      <input
        aria-invalid="false"
        class="navds-text-field__input navds-body-short navds-body-medium"
        data-testid="a_buc_c_sedsearch--query-input-id"
        id="a_buc_c_sedsearch--query-input-id"
        type="text"
        value=""
      />
      <div
        aria-live="polite"
        aria-relevant="additions removals"
        class="navds-form-field__error"
        id="textField-error-:r1:"
      />
    </div>
  </div>
  <div
    class="c2 c3"
  >
    <div
      class="c6 c7 a_buc_c_sedsearch"
    >
      <label
        class="navds-text-field--label navds-label"
        for="a_buc_c_sedsearch--status-select-id"
      >
        buc:form-searchForStatus
      </label>
      <div
        class="multipleSelect css-91gbow-container"
      >
        <span
          class="css-1f43avz-a11yText-A11yText"
          id="react-select-3-live-region"
        />
        <span
          aria-atomic="false"
          aria-live="polite"
          aria-relevant="additions text"
          class="css-1f43avz-a11yText-A11yText"
        />
        <div
          class="multipleSelect__control css-1q6azai-control"
        >
          <div
            class="multipleSelect__value-container multipleSelect__value-container--is-multi css-319lph-ValueContainer"
          >
            <div
              class="multipleSelect__placeholder css-14el2xx-placeholder"
              id="react-select-3-placeholder"
            />
            <div
              class="multipleSelect__input-container css-6j8wv5-Input"
              data-value=""
            >
              <input
                aria-autocomplete="list"
                aria-describedby="react-select-3-placeholder"
                aria-expanded="false"
                aria-haspopup="true"
                aria-label="buc:form-searchForStatus"
                autocapitalize="none"
                autocomplete="off"
                autocorrect="off"
                class="multipleSelect__input"
                id="a_buc_c_sedsearch--status-select-id"
                role="combobox"
                spellcheck="false"
                style="opacity: 1; width: 100%; grid-area: 1 / 2; min-width: 2px; border: 0px; margin: 0px; outline: 0; padding: 0px;"
                tabindex="0"
                type="text"
                value=""
              />
            </div>
          </div>
          <div
            class="multipleSelect__indicators css-1hb7zxy-IndicatorsContainer"
          >
            <span
              class="multipleSelect__indicator-separator css-141yg44-indicatorSeparator"
            />
            <div
              aria-hidden="true"
              class="multipleSelect__indicator multipleSelect__dropdown-indicator css-tlfecz-indicatorContainer"
            >
              <svg
                aria-hidden="true"
                class="css-tj5bde-Svg"
                focusable="false"
                height="20"
                viewBox="0 0 20 20"
                width="20"
              >
                <path
                  d="M4.516 7.548c0.436-0.446 1.043-0.481 1.576 0l3.908 3.747 3.908-3.747c0.533-0.481 1.141-0.446 1.574 0 0.436 0.445 0.408 1.197 0 1.615-0.406 0.418-4.695 4.502-4.695 4.502-0.217 0.223-0.502 0.335-0.787 0.335s-0.57-0.112-0.789-0.335c0 0-4.287-4.084-4.695-4.502s-0.436-1.17 0-1.615z"
                />
              </svg>
            </div>
          </div>
        </div>
      </div>
    </div>
  </div>
</div>
`;
