// Jest Snapshot v1, https://goo.gl/fbAQLP

exports[`applications/BUC/components/BUCHeader/BUCHeader Render: match snapshot 1`] = `
@media all and (-ms-high-contrast:none),(-ms-high-contrast:active) {

}

@supports not (-ms-high-contrast:none) {

}

@media (min-width:768px) {

}

@media (min-width:768px) {

}

<div
  class="navds-link-panel__title navds-heading navds-heading--medium"
>
  <h1
    class="lenkepanel--heading navds-heading navds-heading--small"
    data-testid="a_buc_c_BUCHeader--title_id"
  >
    P_BUC_01 - buc:buc-P_BUC_01
  </h1>
</div>
`;
