// Jest Snapshot v1, https://goo.gl/fbAQLP

exports[`applications/BUC/components/SEDBody/SEDBody Render: match snapshot 1`] = `
.c1 {
  margin-bottom: 1rem;
}

.c2 {
  margin-bottom: 2rem;
}

ui-fss.g19[id="c0"] {
  content: "c1,c2,";
}

<div
  class=""
>
  <div
    class="c0 c1"
  />
  <h1
    class="navds-heading navds-heading--small"
  >
    ui:attachments
  </h1>
  <div
    class="c0 c2"
    size="2"
  />
  <div
    data-testid="mock-joarkbrowser"
  />
  <div
    class="c0 c1"
  />
  <div
    class="c0 c1"
  />
  <button
    class="navds-button navds-button--secondary navds-button--medium"
    data-testid="a_buc_c_sedbody--show-table-button-id"
  >
    <span
      aria-live="polite"
      class="navds-label"
    >
      ui:showAttachments
    </span>
  </button>
  <div
    class="c0 c1"
  />
  <div
    data-testid="mock-sedattachmentmodal"
  >
    <button
      id="onFinishedSelection"
    >
      click
    </button>
  </div>
</div>
`;
