// Jest Snapshot v1, https://goo.gl/fbAQLP

exports[`applications/BUC/components/SEDP4000/SEDP4000 Renders 1`] = `
<SEDP4000
  aktoerId="123"
  locale="nb"
  setShowButtons={[MockFunction]}
  showButtons={true}
>
  <div
    className="a-buc-c-sedp4000__notReady col-md-8 d-flex mt-5 mb-5 align-items-center justify-content-center"
  >
    <div
      className="d-flex flex-column"
    >
      <div>
        <Normaltekst>
          <n
            type="normaltekst"
          >
            <p
              className="typo-normal"
            >
              buc:p4000-help-listP4000user
            </p>
          </n>
        </Normaltekst>
        <Hovedknapp
          className="a-buc-c-sedp4000__listP4000user-button mt-3"
          id="a-buc-c-sedp4000__listP4000user-button-id"
          onClick={[Function]}
        >
          <KnappBase
            autoDisableVedSpinner={false}
            className="a-buc-c-sedp4000__listP4000user-button mt-3"
            disabled={false}
            htmlType="submit"
            id="a-buc-c-sedp4000__listP4000user-button-id"
            inaktivKlasseVedDisabled={false}
            kompakt={false}
            mini={false}
            onClick={[Function]}
            spinner={false}
            type="hoved"
          >
            <button
              className="knapp a-buc-c-sedp4000__listP4000user-button mt-3 knapp--hoved"
              disabled={false}
              id="a-buc-c-sedp4000__listP4000user-button-id"
              onClick={[Function]}
              type="submit"
            >
              buc:p4000-button-listP4000user
            </button>
          </KnappBase>
        </Hovedknapp>
      </div>
      <div
        className="mt-3"
      >
        <Normaltekst>
          <n
            type="normaltekst"
          >
            <p
              className="typo-normal"
            >
              buc:p4000-help-listP4000saksbehandler
            </p>
          </n>
        </Normaltekst>
        <Hovedknapp
          className="a-buc-c-sedp4000__listP4000saksbehandler-button mt-3"
          id="a-buc-c-sedp4000__listP4000saksbehandler-button-id"
          onClick={[Function]}
        >
          <KnappBase
            autoDisableVedSpinner={false}
            className="a-buc-c-sedp4000__listP4000saksbehandler-button mt-3"
            disabled={false}
            htmlType="submit"
            id="a-buc-c-sedp4000__listP4000saksbehandler-button-id"
            inaktivKlasseVedDisabled={false}
            kompakt={false}
            mini={false}
            onClick={[Function]}
            spinner={false}
            type="hoved"
          >
            <button
              className="knapp a-buc-c-sedp4000__listP4000saksbehandler-button mt-3 knapp--hoved"
              disabled={false}
              id="a-buc-c-sedp4000__listP4000saksbehandler-button-id"
              onClick={[Function]}
              type="submit"
            >
              buc:p4000-button-listP4000saksbehandler
            </button>
          </KnappBase>
        </Hovedknapp>
      </div>
    </div>
  </div>
</SEDP4000>
`;
