// Jest Snapshot v1, https://goo.gl/fbAQLP

exports[`applications/PersonPanel/PersonTitle Render: match snapshot 1`] = `
.c3 {
  display: inline-block;
  margin-left: 1rem;
}

ui-fss.g18[id="c2"] {
  content: "c3,";
}

.c1 {
  display: -webkit-box;
  display: -webkit-flex;
  display: -ms-flexbox;
  display: flex;
  -webkit-align-items: center;
  -webkit-box-align: center;
  -ms-flex-align: center;
  align-items: center;
}

.c1 .dead {
  -webkit-filter: grayscale(100%);
  filter: grayscale(100%);
}

ui-fss.g44[id="c0"] {
  content: "c1,";
}

<div
  class="c0 c1"
>
  <img
    alt="nav-man-icon"
    class=""
    data-testid="w-persontitle--img"
    src="icon-mann.png"
    width="40"
  />
  <div
    class="c2 c3"
  />
  <h1
    class="navds-heading navds-heading--medium"
  >
    LEALAUS SAKS
     (
    42
    ) - 
    personFnr
  </h1>
</div>
`;
