// Jest Snapshot v1, https://goo.gl/fbAQLP

exports[`applications/PersonPanel/PersonPanel Render: match snapshot 1`] = `
.c5 {
  display: inline-block;
  margin-left: 1rem;
}

ui-fss.g20[id="c4"] {
  content: "c5,";
}

.c3 {
  min-width: 40px;
  min-height: 40px;
  background-color: whitesmoke;
  border-radius: 100px;
  -webkit-transition: width .6s ease;
  transition: width .6s ease;
  -webkit-animation: da-daAO 1s linear infinite;
  animation: da-daAO 1s linear infinite;
  background-image: linear-gradient(45deg,hsla(90,90%,90%,.15) 25%,transparent 0,transparent 50%,hsla(90,90%,90%,.15) 0,hsla(90,90%,90%,.15) 75%,transparent 0,transparent);
}

ui-fss.g50[id="c2"] {
  content: "c3,";
}

.c7 {
  min-width: 50%;
  -webkit-transition: width .6s ease;
  transition: width .6s ease;
  background-color: whitesmoke;
  -webkit-animation: da-daAO 1s linear infinite;
  animation: da-daAO 1s linear infinite;
  background-image: linear-gradient(45deg,hsla(90,90%,90%,.15) 25%,transparent 0,transparent 50%,hsla(90,90%,90%,.15) 0,hsla(90,90%,90%,.15) 75%,transparent 0,transparent);
}

ui-fss.g51[id="c6"] {
  content: "c7,";
}

.c1 {
  display: -webkit-box;
  display: -webkit-flex;
  display: -ms-flexbox;
  display: flex;
  -webkit-align-items: center;
  -webkit-box-align: center;
  -ms-flex-align: center;
  align-items: center;
  -webkit-flex: 1;
  -ms-flex: 1;
  flex: 1;
}

ui-fss.g52[id="c0"] {
  content: "c1,";
}

.c9 {
  height: 40px;
  min-height: 40px;
  width: 100%;
}

ui-fss.g53[id="c8"] {
  content: "c9,";
}

<div
  class="navds-panel navds-panel--border"
  style="padding: 0px;"
>
  <div
    class="navds-accordion"
    data-testid="w-PersonPanel-id"
    style="border-radius: 4px;"
  >
    <div
      class="navds-accordion__item"
    >
      <button
        aria-expanded="false"
        class="navds-accordion__header"
        type="button"
      >
        <span
          class="navds-accordion__header-content navds-heading navds-heading--small"
        >
          <div
            class="c0 c1"
          >
            <div
              class="c2 c3"
            />
            <div
              class="c4 c5"
            />
            <div
              class="c6 c7 c8 c9"
            />
          </div>
        </span>
        <svg
          aria-hidden="true"
          class="navds-accordion__expand-icon"
          fill="none"
          focusable="false"
          height="1em"
          role="img"
          viewBox="0 0 24 24"
          width="1em"
          xmlns="http://www.w3.org/2000/svg"
        >
          <path
            clip-rule="evenodd"
            d="M12 17.414 4.293 9.707l1.414-1.414L12 14.586l6.293-6.293 1.414 1.414L12 17.414Z"
            fill="currentColor"
            fill-rule="evenodd"
          />
        </svg>
        <svg
          aria-hidden="true"
          class="navds-accordion__expand-icon navds-accordion__expand-icon--filled"
          fill="none"
          focusable="false"
          height="1em"
          role="img"
          viewBox="0 0 24 24"
          width="1em"
          xmlns="http://www.w3.org/2000/svg"
        >
          <path
            clip-rule="evenodd"
            d="m12 18.121-8.06-8.06 2.12-2.122L12 13.88l5.94-5.94 2.12 2.122L12 18.12Z"
            fill="currentColor"
            fill-rule="evenodd"
          />
        </svg>
      </button>
      <div
        style="height: 0px; overflow: hidden;"
      >
        <div
          aria-hidden="true"
          style="display: none;"
        >
          <div
            class="navds-accordion__content navds-body-long"
          />
        </div>
      </div>
    </div>
  </div>
</div>
`;
