// Jest Snapshot v1, https://goo.gl/fbAQLP

exports[`widgets/Overview/PersonTitle Render: match snapshot 1`] = `
.c3 {
  display: inline-block;
  margin-left: 1rem;
}

ui-fss.g25[id="c2"] {
  content: "c3,";
}

.c1 {
  display: -webkit-box;
  display: -webkit-flex;
  display: -ms-flexbox;
  display: flex;
  -webkit-align-items: center;
  -webkit-box-align: center;
  -ms-flex-align: center;
  align-items: center;
}

.c1 .dead {
  -webkit-filter: grayscale(100%);
  filter: grayscale(100%);
}

ui-fss.g34[id="c0"] {
  content: "c1,";
}

<PersonTitle
  gettingPersonInfo={false}
  person={
    Object {
      "adressebeskyttelse": Array [
        "UGRADERT",
      ],
      "bostedsadresse": Object {
        "gyldigFraOgMed": "2020-01-01",
        "gyldigTilOgMed": "2021-01-01",
        "utenlandskAdresse": Object {
          "landkode": "SE",
        },
        "vegadresse": Object {
          "adressenavn": "Adressenavn",
          "husbokstav": "A",
          "husnummer": "00",
          "postnummer": "0768",
        },
      },
      "doedsfall": null,
      "familierelasjoner": Array [
        Object {
          "minRolleForPerson": "FAR",
          "relatertPersonsIdent": "personBarnFnr",
          "relatertPersonsRolle": "BARN",
        },
        Object {
          "minRolleForPerson": "BARN",
          "relatertPersonsIdent": "personFarFnr",
          "relatertPersonsRolle": "FAR",
        },
        Object {
          "minRolleForPerson": "BARN",
          "relatertPersonsIdent": "personMorFnr",
          "relatertPersonsRolle": "MOR",
        },
      ],
      "foedsel": Object {
        "foedeland": null,
        "foedested": null,
        "foedselsdato": "1980-02-09",
        "folkeregistermetadata": Object {
          "gyldighetstidspunkt": "2020-10-12T11:40:56",
        },
      },
      "geografiskTilknytning": null,
      "identer": Array [
        Object {
          "gruppe": "FOLKEREGISTERIDENT",
          "ident": "personFnr",
        },
        Object {
          "gruppe": "AKTORID",
          "ident": "personAktoerId",
        },
      ],
      "kjoenn": Object {
        "folkeregistermetadata": Object {
          "gyldighetstidspunkt": "2020-10-12T11:40:56",
        },
        "kjoenn": "MANN",
      },
      "navn": Object {
        "etternavn": "SAKS",
        "fornavn": "LEALAUS",
        "mellomnavn": null,
        "sammensattNavn": "LEALAUS SAKS",
      },
      "oppholdsadresse": Object {
        "gyldigFraOgMed": "2022-01-01",
        "gyldigTilOgMed": "2023-01-01",
        "utenlandskAdresse": Object {
          "landkode": "FI",
        },
        "vegadresse": Object {
          "adressenavn": "Adressenavn2",
          "husbokstav": "B",
          "husnummer": "01",
          "postnummer": "0768",
        },
      },
      "sivilstand": Array [
        Object {
          "gyldigFraOgMed": "2007-10-10",
          "relatertVedSivilstand": "20047520887",
          "type": "GIFT",
        },
      ],
      "statsborgerskap": Array [
        Object {
          "gyldigFraOgMed": "1980-02-09",
          "gyldigTilOgMed": null,
          "land": "NOR",
        },
      ],
    }
  }
>
  <styled.div>
    <div
      className="c0 c1"
    >
      <img
        alt="nav-man-icon"
        className=""
        data-test-id="w-persontitle__img"
        src="icon-mann.png"
        width={40}
      />
      <styled.div>
        <div
          className="c2 c3"
        />
      </styled.div>
      <Systemtittel>
        <TypografiBase
          type="systemtittel"
        >
          <h2
            className="typo-systemtittel"
          >
            LEALAUS SAKS
             (
            41
            ) - 
            personFnr
          </h2>
        </TypografiBase>
      </Systemtittel>
    </div>
  </styled.div>
</PersonTitle>
`;
