// Jest Snapshot v1, https://goo.gl/fbAQLP

exports[`widgets/Overview/PersonTitle Renders 1`] = `
<PersonTitle
  gettingPersonInfo={false}
  person={
    Object {
      "aktoer": Object {
        "ident": Object {
          "ident": "27072942618",
          "type": Object {
            "kodeRef": null,
            "kodeverksRef": "http://nav.no/kodeverk/Kodeverk/Personidenter",
            "value": "FNR",
          },
        },
      },
      "bankkonto": null,
      "bostedsadresse": Object {
        "strukturertAdresse": Object {
          "bolignummer": null,
          "gatenavn": "KJEMPEBAKKENVEIEN",
          "gatenummer": null,
          "husbokstav": null,
          "husnummer": 12,
          "kommunenummer": "1201",
          "landkode": Object {
            "kodeRef": null,
            "kodeverksRef": "http://nav.no/kodeverk/Kodeverk/Landkoder",
            "value": "NOR",
          },
          "poststed": Object {
            "kodeRef": null,
            "kodeverksRef": "http://nav.no/kodeverk/Kodeverk/Postnummer",
            "value": "5036",
          },
          "tilleggsadresse": null,
          "tilleggsadresseType": "Offisiell adresse",
        },
      },
      "diskresjonskode": null,
      "doedsdato": Object {
        "doedsdato": "2018-05-19T22:00:00.000+0000",
        "endretAv": null,
        "endringstidspunkt": null,
        "endringstype": null,
      },
      "endretAv": null,
      "endringstidspunkt": null,
      "endringstype": null,
      "foedested": null,
      "foedselsdato": Object {
        "endretAv": null,
        "endringstidspunkt": null,
        "endringstype": null,
        "foedselsdato": "1929-07-26T13:00:00.000+0000",
      },
      "geografiskTilknytning": Object {
        "geografiskTilknytning": "0213",
      },
      "gjeldendePostadressetype": Object {
        "kodeRef": null,
        "kodeverksRef": "http://nav.no/kodeverk/Kodeverk/Postadressetyper",
        "value": "POSTADRESSE",
      },
      "harFraRolleI": Array [
        Object {
          "endretAv": null,
          "endringstidspunkt": null,
          "endringstype": null,
          "harSammeBosted": false,
          "tilPerson": Object {
            "aktoer": Object {
              "ident": Object {
                "ident": "27066349360",
                "type": Object {
                  "kodeRef": null,
                  "kodeverksRef": "http://nav.no/kodeverk/Kodeverk/Personidenter",
                  "value": "FNR",
                },
              },
            },
            "bostedsadresse": null,
            "diskresjonskode": null,
            "doedsdato": null,
            "foedselsdato": null,
            "harFraRolleI": Array [],
            "kjoenn": null,
            "personnavn": Object {
              "endretAv": null,
              "endringstidspunkt": null,
              "endringstype": null,
              "etternavn": "ELQUAZZANI",
              "fornavn": "SEAFORA-MASK",
              "mellomnavn": null,
              "sammensattNavn": "ELQUAZZANI SEAFORA-MASK",
            },
            "personstatus": null,
            "postadresse": null,
            "sivilstand": null,
            "statsborgerskap": null,
          },
          "tilRolle": Object {
            "kodeRef": null,
            "kodeverksRef": "http://nav.no/kodeverk/Kodeverk/Familierelasjoner",
            "value": "BARN",
          },
        },
        Object {
          "endretAv": null,
          "endringstidspunkt": null,
          "endringstype": null,
          "harSammeBosted": false,
          "tilPerson": Object {
            "aktoer": Object {
              "ident": Object {
                "ident": "25076029647",
                "type": Object {
                  "kodeRef": null,
                  "kodeverksRef": "http://nav.no/kodeverk/Kodeverk/Personidenter",
                  "value": "FNR",
                },
              },
            },
            "bostedsadresse": null,
            "diskresjonskode": null,
            "doedsdato": null,
            "foedselsdato": null,
            "harFraRolleI": Array [],
            "kjoenn": null,
            "personnavn": Object {
              "endretAv": null,
              "endringstidspunkt": null,
              "endringstype": null,
              "etternavn": "KAEWYOO",
              "fornavn": "KAROLI-MASK",
              "mellomnavn": null,
              "sammensattNavn": "KAEWYOO KAROLI-MASK",
            },
            "personstatus": null,
            "postadresse": null,
            "sivilstand": null,
            "statsborgerskap": null,
          },
          "tilRolle": Object {
            "kodeRef": null,
            "kodeverksRef": "http://nav.no/kodeverk/Kodeverk/Familierelasjoner",
            "value": "BARN",
          },
        },
      ],
      "kjoenn": Object {
        "kjoenn": Object {
          "kodeRef": null,
          "kodeverksRef": "http://nav.no/kodeverk/Kodeverk/Kj_c3_b8nnstyper",
          "value": "K",
        },
      },
      "kontaktinformasjon": Array [],
      "maalform": null,
      "midlertidigPostadresse": null,
      "personnavn": Object {
        "endretAv": null,
        "endringstidspunkt": null,
        "endringstype": null,
        "etternavn": "HØYSÆTHER",
        "fornavn": "NAZAKMIR-MASK",
        "mellomnavn": null,
        "sammensattNavn": "HØYSÆTHER NAZAKMIR-MASK",
      },
      "personstatus": Object {
        "endretAv": null,
        "endringstidspunkt": null,
        "endringstype": null,
        "personstatus": Object {
          "kodeRef": null,
          "kodeverksRef": "http://nav.no/kodeverk/Kodeverk/Personstatuser",
          "value": "DØD",
        },
      },
      "postadresse": Object {
        "endretAv": null,
        "endringstidspunkt": null,
        "endringstype": null,
        "ustrukturertAdresse": Object {
          "adresselinje1": "NYACHAE",
          "adresselinje2": "S-BHF ORANIENBURGER STR.",
          "adresselinje3": "20095",
          "adresselinje4": null,
          "landkode": Object {
            "kodeRef": null,
            "kodeverksRef": "http://nav.no/kodeverk/Kodeverk/Landkoder",
            "value": "SWE",
          },
          "postnr": null,
          "poststed": null,
        },
      },
      "sikkerhetstiltak": null,
      "sivilstand": Object {
        "endretAv": null,
        "endringstidspunkt": null,
        "endringstype": null,
        "fomGyldighetsperiode": "2006-06-18T22:00:00.000+0000",
        "sivilstand": Object {
          "kodeRef": null,
          "kodeverksRef": "http://nav.no/kodeverk/Kodeverk/Sivilstander",
          "value": "ENKE",
        },
        "tomGyldighetsperiode": null,
      },
      "statsborgerskap": Object {
        "endretAv": null,
        "endringstidspunkt": null,
        "endringstype": null,
        "land": Object {
          "kodeRef": null,
          "kodeverksRef": "http://nav.no/kodeverk/Kodeverk/Landkoder",
          "value": "DNK",
        },
      },
      "tilrettelagtKommunikasjon": Array [],
      "vergeListe": Array [],
    }
  }
>
  <styled.div>
    <div
      className="sc-AxhUy lbrUut"
    >
      <img
        alt="nav-woman-icon"
        className="dead"
        src="icon-kvinne.png"
        width={40}
      />
      <styled.div>
        <div
          className="sc-AxirZ jpZlcz"
        />
      </styled.div>
      <Systemtittel>
        <TypografiBase
          type="systemtittel"
        >
          <h2
            className="typo-systemtittel"
          >
            HØYSÆTHER NAZAKMIR-MASK
             (
            89
            ) - 
            27072942618
          </h2>
        </TypografiBase>
      </Systemtittel>
    </div>
  </styled.div>
</PersonTitle>
`;
