// Jest Snapshot v1, https://goo.gl/fbAQLP

exports[`components/Loading/LoadingImage Render: match snapshot 1`] = `
.c1 {
  min-width: 40px;
  min-height: 40px;
  background-color: whitesmoke;
  border-radius: 100px;
  -webkit-transition: width .6s ease;
  transition: width .6s ease;
  -webkit-animation: da-daAO 1s linear infinite;
  animation: da-daAO 1s linear infinite;
  background-image: linear-gradient(45deg,hsla(90,90%,90%,.15) 25%,transparent 0,transparent 50%,hsla(90,90%,90%,.15) 0,hsla(90,90%,90%,.15) 75%,transparent 0,transparent);
}

ui-fss.g48[id="c0"] {
  content: "c1,";
}

<LoadingImage>
  <styled.div>
    <div
      className="c0 c1"
    />
  </styled.div>
</LoadingImage>
`;

exports[`components/Loading/LoadingText Render: match snapshot 1`] = `
.c1 {
  min-width: 40px;
  min-height: 40px;
  background-color: whitesmoke;
  border-radius: 100px;
  -webkit-transition: width .6s ease;
  transition: width .6s ease;
  -webkit-animation: da-daAO 1s linear infinite;
  animation: da-daAO 1s linear infinite;
  background-image: linear-gradient(45deg,hsla(90,90%,90%,.15) 25%,transparent 0,transparent 50%,hsla(90,90%,90%,.15) 0,hsla(90,90%,90%,.15) 75%,transparent 0,transparent);
}

ui-fss.g48[id="c0"] {
  content: "c1,";
}

<LoadingImage>
  <styled.div>
    <div
      className="c0 c1"
    />
  </styled.div>
</LoadingImage>
`;
